Microchip MPLAB XC8 Compiler V2.41

Linker command line:

-W-3 \
  --edf=C:\Program Files\Microchip\xc8\v2.41\pic\dat\20230208172133_en.msgs \
  -cn -h+dist/default/production\MTLAB_Diploma_Project.production.sym \
  --cmf=dist/default/production\MTLAB_Diploma_Project.production.cmf -z \
  -Q18F4620 -oC:\Users\T-BOX\AppData\Local\Temp\xcAsfh8.\driver_tmp_3.o \
  --defsym=__MPLAB_BUILD=1 --fixupoverflow=error \
  -Mdist/default/production/MTLAB_Diploma_Project.production.map \
  --md=C:\Users\T-BOX\AppData\Local\Temp\xcAsfh8.\driver_tmp_0.dat -E1 \
  -ver=XC8 Compiler --acfsm=1493 -ACODE=00h-0FFFFh -ACONST=00h-0FFFFh \
  -ASMALLCONST=01000h-010FFhx240 -AMEDIUMCONST=01000h-0FFFFh \
  -ACOMRAM=01h-07Fh -AABS1=00h-0F7Fh -ABIGRAM=01h-0F7Fh \
  -ARAM=080h-0FFh,0100h-01FFhx14,0F00h-0F7Fh -ABANK0=080h-0FFh \
  -ABANK1=0100h-01FFh -ABANK2=0200h-02FFh -ABANK3=0300h-03FFh \
  -ABANK4=0400h-04FFh -ABANK5=0500h-05FFh -ABANK6=0600h-06FFh \
  -ABANK7=0700h-07FFh -ABANK8=0800h-08FFh -ABANK9=0900h-09FFh \
  -ABANK10=0A00h-0AFFh -ABANK11=0B00h-0BFFh -ABANK12=0C00h-0CFFh \
  -ABANK13=0D00h-0DFFh -ABANK14=0E00h-0EFFh -ABANK15=0F00h-0F7Fh \
  -ASFR=0F80h-0FFFh -ABIGSFR=0F80h-0FFFh -ACONFIG=0300000h-030000Dh \
  -AIDLOC=0200000h-0200007h -AEEDATA=0F00000h-0F003FFh -peeprom_data=EEDATA \
  -preset_vec=00h,intcode=08h,intcodelo,powerup,init -pramtop=01000h \
  -psmallconst=SMALLCONST -pmediumconst=MEDIUMCONST -pconst=CONST \
  -AFARRAM=00h-00h \
  -prdata=COMRAM,nvrram=COMRAM,nvbit=COMRAM,rbss=COMRAM,rbit=COMRAM \
  -pfarbss=FARRAM,fardata=FARRAM,nvFARRAM=FARRAM \
  -pintsave_regs=BIGRAM,bigbss=BIGRAM,bigdata=BIGRAM -pbss=RAM \
  -pidata=CODE,irdata=CODE,ibigdata=CODE,ifardata=CODE -prparam=COMRAM \
  C:\Users\T-BOX\AppData\Local\Temp\xcAsfh8.\driver_tmp_14.o \
  dist/default/production\MTLAB_Diploma_Project.production.o 

Object code version is 3.11

Machine type is 18F4620



                Name                               Link     Load   Length Selector   Space Scale
C:\Users\T-BOX\AppData\Local\Temp\xcAsfh8.\driver_tmp_14.o
                idloc                            200000   200000        8        0       5
                config                           300000   300000        E        0       4
                init                                  E        E        4        4       0
                reset_vec                             0        0        4        0       0
dist/default/production\MTLAB_Diploma_Project.production.o
                intcode                               8        8        6        4       0
                idloc                            200000   200000        8        0       5
                config                           300000   300000        E        0       4
                temp                                 73       73        1        1       1
                smallconst                         1000     1000       40      800       0
                text50                             21C4     21C4       C4      820       0
                text49                             24BC     24BC       B6      820       0
                text48                             2E3A     2E3A       30      820       0
                text47                             2F70     2F70        2      820       0
                text46                             2F6A     2F6A        4      820       0
                text45                             2F66     2F66        4      820       0
                text44                             2F62     2F62        4      820       0
                text43                             2F5E     2F5E        4      820       0
                text42                             2F30     2F30       1A      820       0
                text41                             2F16     2F16       1A      820       0
                text40                             2EFC     2EFC       1A      820       0
                text39                             2EE2     2EE2       1A      820       0
                intcode_body                       13BE     13BE      306      820       0
                text37                             1E98     1E98       D8      820       0
                text36                             2C76     2C76       4A      820       0
                text35                             2D48     2D48       44      820       0
                text34                             2288     2288       C0      820       0
                text33                             2DCC     2DCC       3A      820       0
                text32                             2EBE     2EBE       24      820       0
                text31                             2D04     2D04       44      820       0
                text30                             19D0     19D0      144      820       0
                text29                             2E6A     2E6A       2C      820       0
                text28                             1D6C     1D6C      12C      820       0
                text27                             2ABC     2ABC       6C      820       0
                text26                             27F6     27F6       7C      820       0
                text25                             2C2C     2C2C       4A      820       0
                text24                             2404     2404       B8      820       0
                text23                             203A     203A       C6      820       0
                text22                             185A     185A      176      820       0
                text21                             2100     2100       C4      820       0
                text20                             2572     2572       B0      820       0
                text19                             2D8C     2D8C       40      820       0
                text18                             2F6E     2F6E        2      820       0
                text17                             1F70     1F70       CA      820       0
                text16                             2CC0     2CC0       44      820       0
                text15                             2872     2872       7A      820       0
                text14                             16C4     16C4      196      820       0
                text13                             1C40     1C40      12C      820       0
                text12                             2B90     2B90       50      820       0
                text11                             2BE0     2BE0       4C      820       0
                text10                             2348     2348       BC      820       0
                text9                              2E06     2E06       34      820       0
                text8                              2B28     2B28       68      820       0
                text7                              2A4A     2A4A       72      820       0
                text6                              1B14     1B14      12C      820       0
                text5                              29D8     29D8       72      820       0
                text4                              2622     2622       A8      820       0
                text3                              26CA     26CA       A0      820       0
                text2                              2962     2962       76      820       0
                text1                              28EC     28EC       76      820       0
                text0                              1040     1040      37E      820       0
                cstackCOMRAM                          1        1       63        1       1
                cstackBANK1                         126      126        C      100       1
                dataBANK1                           132      132        A      100       1
                bssBANK1                            100      100       26      100       1
                dataBANK0                            D5       D5       28       80       1
                bssBANK0                             80       80       55       80       1
                dataCOMRAM                           64       64        A        1       1
                bssCOMRAM                            6E       6E        5        1       1
                cinit                              276A     276A       8C      820       0
                idataBANK1                         2F54     2F54        A      820       0
                idataBANK0                         2E96     2E96       28      820       0
                idataCOMRAM                        2F4A     2F4A        A      820       0

TOTAL           Name                               Link     Load   Length     Space
        CLASS   CODE           
                intcode                               8        8        6         0
                init                                  E        E        4         0
                reset_vec                             0        0        4         0
                text50                             21C4     21C4       C4         0
                text49                             24BC     24BC       B6         0
                text48                             2E3A     2E3A       30         0
                text47                             2F70     2F70        2         0
                text46                             2F6A     2F6A        4         0
                text45                             2F66     2F66        4         0
                text44                             2F62     2F62        4         0
                text43                             2F5E     2F5E        4         0
                text42                             2F30     2F30       1A         0
                text41                             2F16     2F16       1A         0
                text40                             2EFC     2EFC       1A         0
                text39                             2EE2     2EE2       1A         0
                intcode_body                       13BE     13BE      306         0
                text37                             1E98     1E98       D8         0
                text36                             2C76     2C76       4A         0
                text35                             2D48     2D48       44         0
                text34                             2288     2288       C0         0
                text33                             2DCC     2DCC       3A         0
                text32                             2EBE     2EBE       24         0
                text31                             2D04     2D04       44         0
                text30                             19D0     19D0      144         0
                text29                             2E6A     2E6A       2C         0
                text28                             1D6C     1D6C      12C         0
                text27                             2ABC     2ABC       6C         0
                text26                             27F6     27F6       7C         0
                text25                             2C2C     2C2C       4A         0
                text24                             2404     2404       B8         0
                text23                             203A     203A       C6         0
                text22                             185A     185A      176         0
                text21                             2100     2100       C4         0
                text20                             2572     2572       B0         0
                text19                             2D8C     2D8C       40         0
                text18                             2F6E     2F6E        2         0
                text17                             1F70     1F70       CA         0
                text16                             2CC0     2CC0       44         0
                text15                             2872     2872       7A         0
                text14                             16C4     16C4      196         0
                text13                             1C40     1C40      12C         0
                text12                             2B90     2B90       50         0
                text11                             2BE0     2BE0       4C         0
                text10                             2348     2348       BC         0
                text9                              2E06     2E06       34         0
                text8                              2B28     2B28       68         0
                text7                              2A4A     2A4A       72         0
                text6                              1B14     1B14      12C         0
                text5                              29D8     29D8       72         0
                text4                              2622     2622       A8         0
                text3                              26CA     26CA       A0         0
                text2                              2962     2962       76         0
                text1                              28EC     28EC       76         0
                text0                              1040     1040      37E         0
                cinit                              276A     276A       8C         0
                idataBANK1                         2F54     2F54        A         0
                idataBANK0                         2E96     2E96       28         0
                idataCOMRAM                        2F4A     2F4A        A         0

        CLASS   CONST          

        CLASS   SMALLCONST     
                smallconst                         1000     1000       40         0

        CLASS   MEDIUMCONST    

        CLASS   COMRAM         
                temp                                 73       73        1         1
                cstackCOMRAM                          1        1       63         1
                dataCOMRAM                           64       64        A         1
                bssCOMRAM                            6E       6E        5         1

        CLASS   ABS1           

        CLASS   BIGRAM         

        CLASS   RAM            

        CLASS   BANK0          
                dataBANK0                            D5       D5       28         1
                bssBANK0                             80       80       55         1

        CLASS   BANK1          
                cstackBANK1                         126      126        C         1
                dataBANK1                           132      132        A         1
                bssBANK1                            100      100       26         1

        CLASS   BANK2          

        CLASS   BANK3          

        CLASS   BANK4          

        CLASS   BANK5          

        CLASS   BANK6          

        CLASS   BANK7          

        CLASS   BANK8          

        CLASS   BANK9          

        CLASS   BANK10         

        CLASS   BANK11         

        CLASS   BANK12         

        CLASS   BANK13         

        CLASS   BANK14         

        CLASS   BANK15         

        CLASS   SFR            

        CLASS   BIGSFR         

        CLASS   CONFIG         
                config                           300000   300000        E         4

        CLASS   IDLOC          
                idloc                            200000   200000        8         5

        CLASS   EEDATA         

        CLASS   FARRAM         

        CLASS   HEAP           

        CLASS   STACK          



SEGMENTS        Name                           Load    Length   Top    Selector   Space  Class

                reset_vec                      000000  000004  000004         0       0  CODE    
                cstackCOMRAM                   000001  000073  000074         1       1  COMRAM  
                intcode                        000008  00000A  000012         4       0  CODE    
                bssBANK0                       000080  00007D  0000FD        80       1  BANK0   
                bssBANK1                       000100  00003C  00013C       100       1  BANK1   
                smallconst                     001000  000040  001040       800       0  SMALLCON
                text0                          001040  001F32  002F72       820       0  CODE    


UNUSED ADDRESS RANGES

        Name                Unused          Largest block    Delta
        BANK0            0000FD-0000FF                3
        BANK1            00013C-0001FF               C4
        BANK10           000A00-000AFF              100
        BANK11           000B00-000BFF              100
        BANK12           000C00-000CFF              100
        BANK13           000D00-000DFF              100
        BANK14           000E00-000EFF              100
        BANK15           000F00-000F7F               80
        BANK2            000200-0002FF              100
        BANK3            000300-0003FF              100
        BANK4            000400-0004FF              100
        BANK5            000500-0005FF              100
        BANK6            000600-0006FF              100
        BANK7            000700-0007FF              100
        BANK8            000800-0008FF              100
        BANK9            000900-0009FF              100
        BIGRAM           000074-00007F                C
                         0000FD-0000FF                3
                         00013C-000F7F              E44
        BIGSFR           000F80-000FFF               80
        CODE             000004-000007                4
                         000012-000FFF              FEE
                         002F72-00FFFF             D08E
        COMRAM           000074-00007F                C
        CONST            000004-000007                4
                         000012-000FFF              FEE
                         002F72-00FFFF             D08E
        EEDATA           F00000-F003FF              400
        MEDIUMCONST      002F72-00FFFF             D08E
        RAM              0000FD-0000FF                3
                         00013C-000F7F              100
        SFR              000F80-000FFF               80
        SMALLCONST       002F72-00FFFF              100

                                  Symbol Table

?___awdiv                                 cstackCOMRAM 00000D
?___awmod                                 cstackCOMRAM 00000D
?_abs                                     cstackCOMRAM 000013
?_sprintf                                 cstackCOMRAM 00004B
?_vfprintf                                cstackCOMRAM 000043
ADC_GetConversionResult@_adc              cstackCOMRAM 000001
ADC_GetConversionResult@conversion_result cstackCOMRAM 000003
ADC_GetConversionResult@ret               cstackCOMRAM 000008
ADC_Init@_adc                             cstackCOMRAM 000010
ADC_Init@ret                              cstackCOMRAM 000013
ADC_SelectChannel@_adc                    cstackCOMRAM 000010
ADC_SelectChannel@channel                 cstackCOMRAM 000012
ADC_SelectChannel@ret                     cstackCOMRAM 000014
ADC_StartConversion@_adc                  cstackCOMRAM 00000D
ADC_StartConversion@ret                   cstackCOMRAM 00000F
ADC_StartConversion_Interrupt@_adc        cstackCOMRAM 000015
ADC_StartConversion_Interrupt@channel     cstackCOMRAM 000017
ADC_StartConversion_Interrupt@ret         cstackCOMRAM 000018
CCP_Compare_Mode_Set_Value@F3106          bssBANK0     0000AC
RB4_ISR@RB4_Source                        cstackCOMRAM 000001
RB5_ISR@RB5_Source                        cstackCOMRAM 000001
RB6_ISR@RB6_Source                        cstackCOMRAM 000001
RB7_ISR@RB7_Source                        cstackCOMRAM 000001
_ADCON0bits                               (abs)        000FC2
_ADCON1bits                               (abs)        000FC1
_ADCON2bits                               (abs)        000FC0
_ADC_DefaultInterruptHandler              text49       0024BC
_ADC_GetConversionResult                  text50       0021C4
_ADC_ISR                                  text48       002E3A
_ADC_Init                                 text34       002288
_ADC_InterruptHandler                     bssBANK0     0000AE
_ADC_Req                                  bssCOMRAM    00006E
_ADC_SelectChannel                        text33       002DCC
_ADC_StartConversion                      text32       002EBE
_ADC_StartConversion_Interrupt            text31       002D04
_ADRESH                                   (abs)        000FC4
_ADRESL                                   (abs)        000FC3
_BAUDCONbits                              (abs)        000FB8
_CCP1CONbits                              (abs)        000FBD
_CCP2CONbits                              (abs)        000FBA
_CCPR1H                                   (abs)        000FBF
_CCPR1L                                   (abs)        000FBE
_CCPR2H                                   (abs)        000FBC
_CCPR2L                                   (abs)        000FBB
_EEADR                                    (abs)        000FA9
_EEADRH                                   (abs)        000FAA
_EECON1bits                               (abs)        000FA6
_EECON2                                   (abs)        000FA7
_EEDATA                                   (abs)        000FA8
_EUSART_FramingErrorHandler               bssBANK0     000086
_EUSART_OverrunErrorHandler               bssBANK0     000084
_EUSART_RX_ISR                            text47       002F70
_EUSART_RxInterruptHandler                bssBANK0     000088
_EUSART_TX_ISR                            text46       002F6A
_EUSART_TxInterruptHandler                bssBANK0     00008A
_INT0_ISR                                 text45       002F66
_INT0_InterruptHandler                    bssBANK0     0000AA
_INT1_ISR                                 text44       002F62
_INT1_InterruptHandler                    bssBANK0     0000A8
_INT2_ISR                                 text43       002F5E
_INT2_InterruptHandler                    bssBANK0     0000A6
_INTCON2bits                              (abs)        000FF1
_INTCON3bits                              (abs)        000FF0
_INTCONbits                               (abs)        000FF2
_InterruptManager                         intcode      000008
_LATA                                     (abs)        000F89
_LATB                                     (abs)        000F8A
_LATC                                     (abs)        000F8B
_LATD                                     (abs)        000F8C
_LATE                                     (abs)        000F8D
_PIE1bits                                 (abs)        000F9D
_PIR1bits                                 (abs)        000F9E
_PORTA                                    (abs)        000F80
_PORTB                                    (abs)        000F81
_PORTBbits                                (abs)        000F81
_PORTC                                    (abs)        000F82
_PORTD                                    (abs)        000F83
_PORTE                                    (abs)        000F84
_PR2                                      (abs)        000FCB
_RB4_Flag                                 dataCOMRAM   000067
_RB4_ISR                                  text42       002F30
_RB4_InterruptHandler_HIGH                bssBANK0     0000A4
_RB4_InterruptHandler_LOW                 bssBANK0     0000A2
_RB5_Flag                                 dataCOMRAM   000066
_RB5_ISR                                  text41       002F16
_RB5_InterruptHandler_HIGH                bssBANK0     0000A0
_RB5_InterruptHandler_LOW                 bssBANK0     00009E
_RB6_Flag                                 dataCOMRAM   000065
_RB6_ISR                                  text40       002EFC
_RB6_InterruptHandler_HIGH                bssBANK0     00009C
_RB6_InterruptHandler_LOW                 bssBANK0     00009A
_RB7_Flag                                 dataCOMRAM   000064
_RB7_ISR                                  text39       002EE2
_RB7_InterruptHandler_HIGH                bssBANK0     000098
_RB7_InterruptHandler_LOW                 bssBANK0     000096
_RCREG                                    (abs)        000FAE
_RCSTAbits                                (abs)        000FAB
_SPBRG                                    (abs)        000FAF
_SPBRGH                                   (abs)        000FB0
_SSPADD                                   (abs)        000FC8
_SSPBUF                                   (abs)        000FC9
_SSPCON1bits                              (abs)        000FC6
_SSPCON2bits                              (abs)        000FC5
_SSPSTATbits                              (abs)        000FC7
_T0CONbits                                (abs)        000FD5
_T1CONbits                                (abs)        000FCD
_T2CONbits                                (abs)        000FCA
_T3CONbits                                (abs)        000FB1
_TMR0H                                    (abs)        000FD7
_TMR0L                                    (abs)        000FD6
_TMR1H                                    (abs)        000FCF
_TMR1L                                    (abs)        000FCE
_TMR2                                     (abs)        000FCC
_TMR3H                                    (abs)        000FB3
_TMR3L                                    (abs)        000FB2
_TRISA                                    (abs)        000F92
_TRISAbits                                (abs)        000F92
_TRISB                                    (abs)        000F93
_TRISC                                    (abs)        000F94
_TRISCbits                                (abs)        000F94
_TRISD                                    (abs)        000F95
_TRISE                                    (abs)        000F96
_TXREG                                    (abs)        000FAD
_TXSTAbits                                (abs)        000FAC
_Timer2_Preload_Value                     bssBANK0     0000B1
_Timer3_Preload_Value                     bssBANK0     00008C
__HRAM                                    (abs)        000000
__H__absolute__                           __absolute__ 000000
__Habs1                                   abs1         000000
__Hbank0                                  bank0        000000
__Hbank1                                  bank1        000000
__Hbank10                                 bank10       000000
__Hbank11                                 bank11       000000
__Hbank12                                 bank12       000000
__Hbank13                                 bank13       000000
__Hbank14                                 bank14       000000
__Hbank15                                 bank15       000000
__Hbank2                                  bank2        000000
__Hbank3                                  bank3        000000
__Hbank4                                  bank4        000000
__Hbank5                                  bank5        000000
__Hbank6                                  bank6        000000
__Hbank7                                  bank7        000000
__Hbank8                                  bank8        000000
__Hbank9                                  bank9        000000
__Hbigbss                                 bigbss       000000
__Hbigdata                                bigdata      000000
__Hbigram                                 bigram       000000
__Hbigsfr                                 bigsfr       000000
__Hbss                                    bss          000000
__HbssBANK0                               bssBANK0     000000
__HbssBANK1                               bssBANK1     000000
__HbssCOMRAM                              bssCOMRAM    000000
__Hcinit                                  cinit        000000
__Hclrtext                                clrtext      000000
__Hcomram                                 comram       000000
__Hconfig                                 config       30000E
__Hconst                                  const        000000
__HcstackBANK1                            cstackBANK1  000000
__HcstackCOMRAM                           cstackCOMRAM 000000
__Hdata                                   data         000000
__HdataBANK0                              dataBANK0    000000
__HdataBANK1                              dataBANK1    000000
__HdataCOMRAM                             dataCOMRAM   000000
__Heeprom_data                            eeprom_data  000000
__Hfarbss                                 farbss       000000
__Hfardata                                fardata      000000
__Hheap                                   heap         000000
__Hibigdata                               ibigdata     000000
__Hidata                                  idata        000000
__HidataBANK0                             idataBANK0   000000
__HidataBANK1                             idataBANK1   000000
__HidataCOMRAM                            idataCOMRAM  000000
__Hidloc                                  idloc        200008
__Hifardata                               ifardata     000000
__Hinit                                   init         000012
__Hintcode                                intcode      00000E
__Hintcode_body                           intcode_body 000000
__Hintcodelo                              intcodelo    00000E
__Hintentry                               intentry     000000
__Hintret                                 intret       000000
__Hintsave_regs                           intsave_regs 000000
__Hirdata                                 irdata       000000
__Hmediumconst                            mediumconst  000000
__HnvFARRAM                               nvFARRAM     000000
__Hnvbit                                  nvbit        000000
__Hnvrram                                 nvrram       000000
__Hparam                                  rparam       000000
__Hpowerup                                powerup      00000E
__Hram                                    ram          000000
__Hramtop                                 ramtop       001000
__Hrbit                                   rbit         000000
__Hrbss                                   rbss         000000
__Hrdata                                  rdata        000000
__Hreset_vec                              reset_vec    000004
__Hrparam                                 rparam       000000
__Hsfr                                    sfr          000000
__Hsmallconst                             smallconst   001040
__Hspace_0                                (abs)        002F72
__Hspace_1                                (abs)        00013C
__Hspace_2                                (abs)        000000
__Hspace_4                                (abs)        60000E
__Hstack                                  stack        000000
__Hstruct                                 struct       000000
__Htemp                                   temp         000074
__Htext                                   text         000000
__Htext0                                  text0        000000
__Htext1                                  text1        000000
__Htext10                                 text10       000000
__Htext11                                 text11       000000
__Htext12                                 text12       000000
__Htext13                                 text13       000000
__Htext14                                 text14       000000
__Htext15                                 text15       000000
__Htext16                                 text16       000000
__Htext17                                 text17       000000
__Htext18                                 text18       000000
__Htext19                                 text19       000000
__Htext2                                  text2        000000
__Htext20                                 text20       000000
__Htext21                                 text21       000000
__Htext22                                 text22       000000
__Htext23                                 text23       000000
__Htext24                                 text24       000000
__Htext25                                 text25       000000
__Htext26                                 text26       000000
__Htext27                                 text27       000000
__Htext28                                 text28       000000
__Htext29                                 text29       000000
__Htext3                                  text3        000000
__Htext30                                 text30       000000
__Htext31                                 text31       000000
__Htext32                                 text32       000000
__Htext33                                 text33       000000
__Htext34                                 text34       000000
__Htext35                                 text35       000000
__Htext36                                 text36       000000
__Htext37                                 text37       000000
__Htext39                                 text39       000000
__Htext4                                  text4        000000
__Htext40                                 text40       000000
__Htext41                                 text41       000000
__Htext42                                 text42       000000
__Htext43                                 text43       000000
__Htext44                                 text44       000000
__Htext45                                 text45       000000
__Htext46                                 text46       000000
__Htext47                                 text47       000000
__Htext48                                 text48       000000
__Htext49                                 text49       000000
__Htext5                                  text5        000000
__Htext50                                 text50       000000
__Htext51                                 text51       000000
__Htext6                                  text6        000000
__Htext7                                  text7        000000
__Htext8                                  text8        000000
__Htext9                                  text9        000000
__LRAM                                    (abs)        000001
__L__absolute__                           __absolute__ 000000
__Labs1                                   abs1         000000
__Lbank0                                  bank0        000000
__Lbank1                                  bank1        000000
__Lbank10                                 bank10       000000
__Lbank11                                 bank11       000000
__Lbank12                                 bank12       000000
__Lbank13                                 bank13       000000
__Lbank14                                 bank14       000000
__Lbank15                                 bank15       000000
__Lbank2                                  bank2        000000
__Lbank3                                  bank3        000000
__Lbank4                                  bank4        000000
__Lbank5                                  bank5        000000
__Lbank6                                  bank6        000000
__Lbank7                                  bank7        000000
__Lbank8                                  bank8        000000
__Lbank9                                  bank9        000000
__Lbigbss                                 bigbss       000000
__Lbigdata                                bigdata      000000
__Lbigram                                 bigram       000000
__Lbigsfr                                 bigsfr       000000
__Lbss                                    bss          000000
__LbssBANK0                               bssBANK0     000000
__LbssBANK1                               bssBANK1     000000
__LbssCOMRAM                              bssCOMRAM    000000
__Lcinit                                  cinit        000000
__Lclrtext                                clrtext      000000
__Lcomram                                 comram       000000
__Lconfig                                 config       000000
__Lconst                                  const        000000
__LcstackBANK1                            cstackBANK1  000000
__LcstackCOMRAM                           cstackCOMRAM 000000
__Ldata                                   data         000000
__LdataBANK0                              dataBANK0    000000
__LdataBANK1                              dataBANK1    000000
__LdataCOMRAM                             dataCOMRAM   000000
__Leeprom_data                            eeprom_data  000000
__Lfarbss                                 farbss       000000
__Lfardata                                fardata      000000
__Lheap                                   heap         000000
__Libigdata                               ibigdata     000000
__Lidata                                  idata        000000
__LidataBANK0                             idataBANK0   000000
__LidataBANK1                             idataBANK1   000000
__LidataCOMRAM                            idataCOMRAM  000000
__Lidloc                                  idloc        000000
__Lifardata                               ifardata     000000
__Linit                                   init         00000E
__Lintcode                                intcode      000008
__Lintcode_body                           intcode_body 000000
__Lintcodelo                              intcodelo    00000E
__Lintentry                               intentry     000000
__Lintret                                 intret       000000
__Lintsave_regs                           intsave_regs 000000
__Lirdata                                 irdata       000000
__Lmediumconst                            mediumconst  000000
__LnvFARRAM                               nvFARRAM     000000
__Lnvbit                                  nvbit        000000
__Lnvrram                                 nvrram       000000
__Lparam                                  rparam       000000
__Lpowerup                                powerup      00000E
__Lram                                    ram          000000
__Lramtop                                 ramtop       001000
__Lrbit                                   rbit         000000
__Lrbss                                   rbss         000000
__Lrdata                                  rdata        000000
__Lreset_vec                              reset_vec    000000
__Lrparam                                 rparam       000000
__Lsfr                                    sfr          000000
__Lsmallconst                             smallconst   001000
__Lspace_0                                (abs)        000000
__Lspace_1                                (abs)        000000
__Lspace_2                                (abs)        000000
__Lspace_4                                (abs)        000000
__Lstack                                  stack        000000
__Lstruct                                 struct       000000
__Ltemp                                   temp         000073
__Ltext                                   text         000000
__Ltext0                                  text0        000000
__Ltext1                                  text1        000000
__Ltext10                                 text10       000000
__Ltext11                                 text11       000000
__Ltext12                                 text12       000000
__Ltext13                                 text13       000000
__Ltext14                                 text14       000000
__Ltext15                                 text15       000000
__Ltext16                                 text16       000000
__Ltext17                                 text17       000000
__Ltext18                                 text18       000000
__Ltext19                                 text19       000000
__Ltext2                                  text2        000000
__Ltext20                                 text20       000000
__Ltext21                                 text21       000000
__Ltext22                                 text22       000000
__Ltext23                                 text23       000000
__Ltext24                                 text24       000000
__Ltext25                                 text25       000000
__Ltext26                                 text26       000000
__Ltext27                                 text27       000000
__Ltext28                                 text28       000000
__Ltext29                                 text29       000000
__Ltext3                                  text3        000000
__Ltext30                                 text30       000000
__Ltext31                                 text31       000000
__Ltext32                                 text32       000000
__Ltext33                                 text33       000000
__Ltext34                                 text34       000000
__Ltext35                                 text35       000000
__Ltext36                                 text36       000000
__Ltext37                                 text37       000000
__Ltext39                                 text39       000000
__Ltext4                                  text4        000000
__Ltext40                                 text40       000000
__Ltext41                                 text41       000000
__Ltext42                                 text42       000000
__Ltext43                                 text43       000000
__Ltext44                                 text44       000000
__Ltext45                                 text45       000000
__Ltext46                                 text46       000000
__Ltext47                                 text47       000000
__Ltext48                                 text48       000000
__Ltext49                                 text49       000000
__Ltext5                                  text5        000000
__Ltext50                                 text50       000000
__Ltext51                                 text51       000000
__Ltext6                                  text6        000000
__Ltext7                                  text7        000000
__Ltext8                                  text8        000000
__Ltext9                                  text9        000000
__S0                                      (abs)        002F72
__S1                                      (abs)        00013C
__S4                                      (abs)        000000
__S5                                      (abs)        000000
___awdiv                                  text21       002100
___awdiv@counter                          cstackCOMRAM 000011
___awdiv@dividend                         cstackCOMRAM 00000D
___awdiv@divisor                          cstackCOMRAM 00000F
___awdiv@quotient                         cstackCOMRAM 000013
___awdiv@sign                             cstackCOMRAM 000012
___awmod                                  text20       002572
___awmod@counter                          cstackCOMRAM 000011
___awmod@dividend                         cstackCOMRAM 00000D
___awmod@divisor                          cstackCOMRAM 00000F
___awmod@sign                             cstackCOMRAM 000012
___heap_hi                                (abs)        000000
___heap_lo                                (abs)        000000
___inthi_sp                               stack        000000
___intlo_sp                               stack        000000
___param_bank                             (abs)        000000
___rparam_used                            (abs)        000001
___sp                                     stack        000000
__accesstop                               (abs)        000080
__activetblptr                            (abs)        000003
__end_of_ADC_DefaultInterruptHandler      text49       002572
__end_of_ADC_GetConversionResult          text50       002288
__end_of_ADC_ISR                          text48       002E6A
__end_of_ADC_Init                         text34       002348
__end_of_ADC_SelectChannel                text33       002E06
__end_of_ADC_StartConversion              text32       002EE2
__end_of_ADC_StartConversion_Interrupt    text31       002D48
__end_of_EUSART_RX_ISR                    text47       002F72
__end_of_EUSART_TX_ISR                    text46       002F6E
__end_of_INT0_ISR                         text45       002F6A
__end_of_INT1_ISR                         text44       002F66
__end_of_INT2_ISR                         text43       002F62
__end_of_InterruptManager                 intcode_body 0016C4
__end_of_RB4_ISR                          text42       002F4A
__end_of_RB5_ISR                          text41       002F30
__end_of_RB6_ISR                          text40       002F16
__end_of_RB7_ISR                          text39       002EFC
__end_of___awdiv                          text21       0021C4
__end_of___awmod                          text20       002622
__end_of__initialization                  cinit        0027EC
__end_of_abs                              text19       002DCC
__end_of_adc_input_channel_port_configure text37       001F70
__end_of_application_intialize            text25       002C76
__end_of_button_initialize                text29       002E96
__end_of_button_read_state                text23       002100
__end_of_configure_voltage_reference      text36       002CC0
__end_of_convert_uint16_to_string         text10       002404
__end_of_dtoa                             text14       00185A
__end_of_fputc                            text17       00203A
__end_of_fputs                            text16       002D04
__end_of_gpio_pin_direction_intialize     text30       001B14
__end_of_gpio_pin_intialize               text27       002B28
__end_of_gpio_pin_read_logic              text24       0024BC
__end_of_gpio_pin_write_logic             text28       001E98
__end_of_lcd_4bit_intialize               text6        001C40
__end_of_lcd_4bit_send_char_data          text5        002A4A
__end_of_lcd_4bit_send_command            text7        002ABC
__end_of_lcd_4bit_send_enable_signal      text9        002E3A
__end_of_lcd_4bit_send_string_pos         text3        00276A
__end_of_lcd_4bit_set_cursor              text4        0026CA
__end_of_lcd_send_4bits                   text8        002B90
__end_of_led_initialize                   text26       002872
__end_of_led_turn_off                     text2        0029D8
__end_of_led_turn_on                      text1        002962
__end_of_main                             text0        0013BE
__end_of_matrix                           smallconst   001011
__end_of_memset                           text22       0019D0
__end_of_pad                              text15       0028EC
__end_of_putch                            text18       002F70
__end_of_select_result_format             text35       002D8C
__end_of_sprintf                          text11       002C2C
__end_of_vfpfcnvrt                        text13       001D6C
__end_of_vfprintf                         text12       002BE0
__initialization                          cinit        00276A
__mediumconst                             mediumconst  000000
__pbssBANK0                               bssBANK0     000080
__pbssBANK1                               bssBANK1     000100
__pbssCOMRAM                              bssCOMRAM    00006E
__pcinit                                  cinit        00276A
__pcstackBANK1                            cstackBANK1  000126
__pcstackCOMRAM                           cstackCOMRAM 000001
__pdataBANK0                              dataBANK0    0000D5
__pdataBANK1                              dataBANK1    000132
__pdataCOMRAM                             dataCOMRAM   000064
__pidataBANK0                             idataBANK0   002E96
__pidataBANK1                             idataBANK1   002F54
__pidataCOMRAM                            idataCOMRAM  002F4A
__pintcode                                intcode      000008
__pintcode_body                           intcode_body 0013BE
__psmallconst                             smallconst   001000
__ptext0                                  text0        001040
__ptext1                                  text1        0028EC
__ptext10                                 text10       002348
__ptext11                                 text11       002BE0
__ptext12                                 text12       002B90
__ptext13                                 text13       001C40
__ptext14                                 text14       0016C4
__ptext15                                 text15       002872
__ptext16                                 text16       002CC0
__ptext17                                 text17       001F70
__ptext18                                 text18       002F6E
__ptext19                                 text19       002D8C
__ptext2                                  text2        002962
__ptext20                                 text20       002572
__ptext21                                 text21       002100
__ptext22                                 text22       00185A
__ptext23                                 text23       00203A
__ptext24                                 text24       002404
__ptext25                                 text25       002C2C
__ptext26                                 text26       0027F6
__ptext27                                 text27       002ABC
__ptext28                                 text28       001D6C
__ptext29                                 text29       002E6A
__ptext3                                  text3        0026CA
__ptext30                                 text30       0019D0
__ptext31                                 text31       002D04
__ptext32                                 text32       002EBE
__ptext33                                 text33       002DCC
__ptext34                                 text34       002288
__ptext35                                 text35       002D48
__ptext36                                 text36       002C76
__ptext37                                 text37       001E98
__ptext39                                 text39       002EE2
__ptext4                                  text4        002622
__ptext40                                 text40       002EFC
__ptext41                                 text41       002F16
__ptext42                                 text42       002F30
__ptext43                                 text43       002F5E
__ptext44                                 text44       002F62
__ptext45                                 text45       002F66
__ptext46                                 text46       002F6A
__ptext47                                 text47       002F70
__ptext48                                 text48       002E3A
__ptext49                                 text49       0024BC
__ptext5                                  text5        0029D8
__ptext50                                 text50       0021C4
__ptext51                                 text51       000000
__ptext6                                  text6        001B14
__ptext7                                  text7        002A4A
__ptext8                                  text8        002B28
__ptext9                                  text9        002E06
__ramtop                                  ramtop       001000
__smallconst                              smallconst   001000
_abs                                      text19       002D8C
_adc_1                                    dataBANK0    0000EA
_adc_input_channel_port_configure         text37       001E98
_adc_res_1                                bssBANK0     0000D3
_adc_res_1_txt                            bssBANK0     0000C7
_adc_res_2                                bssBANK0     0000D1
_adc_res_2_txt                            bssBANK0     0000C1
_adc_res_3                                bssBANK0     0000CF
_adc_res_3_txt                            bssBANK0     0000BB
_adc_res_4                                bssBANK0     0000CD
_adc_res_4_txt                            bssBANK0     0000B5
_application_intialize                    text25       002C2C
_btn_high                                 dataBANK0    0000FA
_btn_high1                                dataBANK0    0000F7
_btn_high1_con                            dataCOMRAM   000068
_btn_high_con                             dataCOMRAM   000069
_button_initialize                        text29       002E6A
_button_read_state                        text23       00203A
_configure_voltage_reference              text36       002C76
_convert_uint16_to_string                 text10       002348
_dbuf                                     bssBANK1     000106
_dtoa                                     text14       0016C4
_dtoa$4588                                cstackCOMRAM 00002C
_flags                                    bssBANK0     0000B0
_fputc                                    text17       001F70
_fputs                                    text16       002CC0
_gpio_pin_direction_intialize             text30       0019D0
_gpio_pin_intialize                       text27       002ABC
_gpio_pin_read_logic                      text24       002404
_gpio_pin_write_logic                     text28       001D6C
_lat_registers                            dataBANK0    0000D5
_lcd_1                                    dataBANK0    0000F1
_lcd_4bit_intialize                       text6        001B14
_lcd_4bit_send_char_data                  text5        0029D8
_lcd_4bit_send_command                    text7        002A4A
_lcd_4bit_send_enable_signal              text9        002E06
_lcd_4bit_send_string_pos                 text3        0026CA
_lcd_4bit_set_cursor                      text4        002622
_lcd_send_4bits                           text8        002B28
_led1                                     dataCOMRAM   00006D
_led2                                     dataCOMRAM   00006C
_led3                                     dataCOMRAM   00006B
_led4                                     dataCOMRAM   00006A
_led_initialize                           text26       0027F6
_led_turn_off                             text2        002962
_led_turn_on                              text1        0028EC
_main                                     text0        001040
_matrix                                   smallconst   001001
_memset                                   text22       00185A
_pad                                      text15       002872
_port_registers                           dataBANK1    000132
_prec                                     bssBANK0     000082
_putch                                    text18       002F6E
_ret                                      dataBANK0    0000E9
_select_result_format                     text35       002D48
_sprintf                                  text11       002BE0
_timer0_preload_value                     bssBANK0     000092
_timer1_preload_value                     bssBANK0     00008E
_tris_registers                           dataBANK0    0000DF
_vfpfcnvrt                                text13       001C40
_vfprintf                                 text12       002B90
_width                                    bssBANK0     000080
abs@a                                     cstackCOMRAM 000013
adc_input_channel_port_configure@channel  cstackCOMRAM 00000F
btemp                                     temp         000073
button_initialize@btn                     cstackCOMRAM 000016
button_initialize@ret                     cstackCOMRAM 000018
button_read_state@Pin_Logic_Status        cstackCOMRAM 00001D
button_read_state@btn                     cstackCOMRAM 000017
button_read_state@btn_state               cstackCOMRAM 000019
button_read_state@ret                     cstackCOMRAM 00001C
configure_voltage_reference@_adc          cstackCOMRAM 00000D
convert_uint16_to_string@DataCounter      cstackBANK1  000131
convert_uint16_to_string@Temp_String      cstackBANK1  00012A
convert_uint16_to_string@ret              cstackBANK1  000130
convert_uint16_to_string@str              cstackBANK1  000128
convert_uint16_to_string@value            cstackBANK1  000126
dtoa@d                                    cstackCOMRAM 00002A
dtoa@fp                                   cstackCOMRAM 000028
dtoa@i                                    cstackCOMRAM 000033
dtoa@p                                    cstackCOMRAM 00002E
dtoa@s                                    cstackCOMRAM 000032
dtoa@w                                    cstackCOMRAM 000030
end_of_initialization                     cinit        0027EC
fputc@c                                   cstackCOMRAM 00000D
fputc@fp                                  cstackCOMRAM 00000F
fputs@c                                   cstackCOMRAM 00001A
fputs@fp                                  cstackCOMRAM 000018
fputs@i                                   cstackCOMRAM 00001B
fputs@s                                   cstackCOMRAM 000016
gpio_pin_direction_intialize@_pin_config  cstackCOMRAM 00000D
gpio_pin_direction_intialize@ret          cstackCOMRAM 000015
gpio_pin_intialize@_pin_config            cstackCOMRAM 000017
gpio_pin_intialize@ret                    cstackCOMRAM 00001A
gpio_pin_read_logic@_pin_config           cstackCOMRAM 00000D
gpio_pin_read_logic@logic                 cstackCOMRAM 00000F
gpio_pin_read_logic@ret                   cstackCOMRAM 000016
gpio_pin_write_logic@_pin_config          cstackCOMRAM 00000D
gpio_pin_write_logic@logic                cstackCOMRAM 00000F
gpio_pin_write_logic@ret                  cstackCOMRAM 000016
int$flags                                 temp         000073
int_func                                  intcode_body 0013BE
intlevel0                                 text         000000
intlevel1                                 text         000000
intlevel2                                 text         000000
intlevel3                                 text         000000
isa$std                                   (abs)        000001
isa$xinst                                 (abs)        000000
lcd_4bit_intialize@l_data_pins_counter    cstackCOMRAM 000023
lcd_4bit_intialize@lcd                    cstackCOMRAM 00001F
lcd_4bit_intialize@ret                    cstackCOMRAM 000024
lcd_4bit_send_char_data@data              cstackCOMRAM 00001D
lcd_4bit_send_char_data@lcd               cstackCOMRAM 00001B
lcd_4bit_send_char_data@ret               cstackCOMRAM 00001E
lcd_4bit_send_command@command             cstackCOMRAM 00001D
lcd_4bit_send_command@lcd                 cstackCOMRAM 00001B
lcd_4bit_send_command@ret                 cstackCOMRAM 00001E
lcd_4bit_send_enable_signal@lcd           cstackCOMRAM 000017
lcd_4bit_send_enable_signal@ret           cstackCOMRAM 000019
lcd_4bit_send_string_pos@column           cstackCOMRAM 000029
lcd_4bit_send_string_pos@lcd              cstackCOMRAM 000026
lcd_4bit_send_string_pos@ret              cstackCOMRAM 00002C
lcd_4bit_send_string_pos@row              cstackCOMRAM 000028
lcd_4bit_send_string_pos@str              cstackCOMRAM 00002A
lcd_4bit_set_cursor@coulmn                cstackCOMRAM 000022
lcd_4bit_set_cursor@lcd                   cstackCOMRAM 00001F
lcd_4bit_set_cursor@ret                   cstackCOMRAM 000025
lcd_4bit_set_cursor@row                   cstackCOMRAM 000021
lcd_send_4bits@_data_command              cstackCOMRAM 000019
lcd_send_4bits@lcd                        cstackCOMRAM 000017
lcd_send_4bits@ret                        cstackCOMRAM 00001A
led_initialize@F3048                      bssCOMRAM    000072
led_initialize@led                        cstackCOMRAM 00001B
led_initialize@pin_obj                    cstackCOMRAM 00001F
led_initialize@ret                        cstackCOMRAM 00001E
led_turn_off@F3058                        bssCOMRAM    000070
led_turn_off@led                          cstackCOMRAM 000017
led_turn_off@pin_obj                      cstackCOMRAM 00001A
led_turn_on@F3053                         bssCOMRAM    000071
led_turn_on@led                           cstackCOMRAM 000017
led_turn_on@pin_obj                       cstackCOMRAM 00001A
led_turn_toggle@F3063                     bssCOMRAM    00006F
main@ret                                  cstackCOMRAM 000063
memset@c                                  cstackCOMRAM 00000F
memset@dest                               cstackCOMRAM 00000D
memset@k                                  cstackCOMRAM 000015
memset@n                                  cstackCOMRAM 000011
memset@s                                  cstackCOMRAM 000017
pad@buf                                   cstackCOMRAM 00001F
pad@fp                                    cstackCOMRAM 00001D
pad@i                                     cstackCOMRAM 000024
pad@p                                     cstackCOMRAM 000021
pad@w                                     cstackCOMRAM 000026
relay_initialize@F3042                    bssBANK0     0000B4
relay_turn_off@F3052                      bssBANK0     0000B2
relay_turn_on@F3047                       bssBANK0     0000B3
select_result_format@_adc                 cstackCOMRAM 00000D
sprintf@ap                                cstackCOMRAM 000053
sprintf@f                                 cstackCOMRAM 000055
sprintf@fmt                               cstackCOMRAM 00004D
sprintf@s                                 cstackCOMRAM 00004B
stackhi                                   (abs)        000000
stacklo                                   (abs)        000000
start                                     init         00000E
start_initialization                      cinit        00276A
ttemp5                                    temp         000074
ttemp6                                    temp         000077
ttemp7                                    temp         00007B
vfpfcnvrt@ap                              cstackCOMRAM 000039
vfpfcnvrt@convarg                         cstackCOMRAM 00003D
vfpfcnvrt@cp                              cstackCOMRAM 000041
vfpfcnvrt@fmt                             cstackCOMRAM 000037
vfpfcnvrt@fp                              cstackCOMRAM 000035
vfprintf@ap                               cstackCOMRAM 000047
vfprintf@cfmt                             cstackCOMRAM 000049
vfprintf@fmt                              cstackCOMRAM 000045
vfprintf@fp                               cstackCOMRAM 000043
wtemp8                                    temp         000074


MODULE INFORMATION

Module		Function		Class		Link	Load	Size
C:\Program Files\Microchip\xc8\v2.41\pic\sources\c99\common\awmod.c
		___awmod       		CODE           	2572	0000	176

C:\Program Files\Microchip\xc8\v2.41\pic\sources\c99\common\awmod.c estimated size: 176

MCAL_Layer/interrupt/mcal_external_interrupt.c
		_RB4_ISR       		CODE           	2F30	0000	26
		_RB5_ISR       		CODE           	2F16	0000	26
		_RB6_ISR       		CODE           	2EFC	0000	26
		_RB7_ISR       		CODE           	2EE2	0000	26
		_INT0_ISR      		CODE           	2F66	0000	4
		_INT1_ISR      		CODE           	2F62	0000	4
		_INT2_ISR      		CODE           	2F5E	0000	4

MCAL_Layer/interrupt/mcal_external_interrupt.c estimated size: 116

C:\Program Files\Microchip\xc8\v2.41\pic\sources\c99\common\nf_fputc.c
		_fputc         		CODE           	1F70	0000	202

C:\Program Files\Microchip\xc8\v2.41\pic\sources\c99\common\nf_fputc.c estimated size: 202

C:\Program Files\Microchip\xc8\v2.41\pic\sources\c99\common\memset.c
		_memset        		CODE           	185A	0000	374

C:\Program Files\Microchip\xc8\v2.41\pic\sources\c99\common\memset.c estimated size: 374

C:\Program Files\Microchip\xc8\v2.41\pic\sources\c99\common\nf_sprintf.c
		_sprintf       		CODE           	2BE0	0000	76

C:\Program Files\Microchip\xc8\v2.41\pic\sources\c99\common\nf_sprintf.c estimated size: 76

ECU_Layer/button/ecu_button.c
		_button_read_state		CODE           	203A	0000	198
		_button_initialize		CODE           	2E6A	0000	44

ECU_Layer/button/ecu_button.c estimated size: 242

C:\Program Files\Microchip\xc8\v2.41\pic\sources\c99\common\awdiv.c
		___awdiv       		CODE           	2100	0000	196

C:\Program Files\Microchip\xc8\v2.41\pic\sources\c99\common\awdiv.c estimated size: 196

ECU_Layer/Chr_LCD/ecu_chr_lcd.c
		_lcd_4bit_send_command		CODE           	2A4A	0000	114
		_lcd_4bit_send_string_pos		CODE           	26CA	0000	160
		_lcd_4bit_send_char_data		CODE           	29D8	0000	114
		_lcd_send_4bits		CODE           	2B28	0000	104
		_lcd_4bit_intialize		CODE           	1B14	0000	300
		_convert_uint16_to_string		CODE           	2348	0000	188
		_lcd_4bit_set_cursor		CODE           	2622	0000	168
		_lcd_4bit_send_enable_signal		CODE           	2E06	0000	52

ECU_Layer/Chr_LCD/ecu_chr_lcd.c estimated size: 1200

C:\Program Files\Microchip\xc8\v2.41\pic\sources\c99\common\abs.c
		_abs           		CODE           	2D8C	0000	64

C:\Program Files\Microchip\xc8\v2.41\pic\sources\c99\common\abs.c estimated size: 64

C:\Program Files\Microchip\xc8\v2.41\pic\sources\c99\common\doprnt.c
		_vfpfcnvrt     		CODE           	1C40	0000	300
		_pad           		CODE           	2872	0000	122
		_dtoa          		CODE           	16C4	0000	406
		_vfprintf      		CODE           	2B90	0000	80

C:\Program Files\Microchip\xc8\v2.41\pic\sources\c99\common\doprnt.c estimated size: 908

MCAL_Layer/usart/hal_usart.c
		_EUSART_RX_ISR 		CODE           	2F70	0000	2
		_EUSART_TX_ISR 		CODE           	2F6A	0000	4

MCAL_Layer/usart/hal_usart.c estimated size: 6

shared
		_matrix        		SMALLCONST     	1001	0000	16
		__initialization		CODE           	276A	0000	130

shared estimated size: 146

MCAL_Layer/ADC/hal_adc.c
		_ADC_StartConversion_Interrupt		CODE           	2D04	0000	68
		_adc_input_channel_port_configure		CODE           	1E98	0000	216
		_ADC_GetConversionResult		CODE           	21C4	0000	196
		_configure_voltage_reference		CODE           	2C76	0000	74
		_ADC_StartConversion		CODE           	2EBE	0000	36
		_ADC_ISR       		CODE           	2E3A	0000	48
		_ADC_SelectChannel		CODE           	2DCC	0000	58
		_ADC_Init      		CODE           	2288	0000	192
		_select_result_format		CODE           	2D48	0000	68

MCAL_Layer/ADC/hal_adc.c estimated size: 956

MCAL_Layer/GPIO/hal_gpio.c
		_gpio_pin_write_logic		CODE           	1D6C	0000	300
		_gpio_pin_intialize		CODE           	2ABC	0000	108
		_gpio_pin_read_logic		CODE           	2404	0000	184
		_gpio_pin_direction_intialize		CODE           	19D0	0000	324

MCAL_Layer/GPIO/hal_gpio.c estimated size: 916

ECU_Layer/LED/ecu_led.c
		_led_initialize		CODE           	27F6	0000	124
		_led_turn_on   		CODE           	28EC	0000	118
		_led_turn_off  		CODE           	2962	0000	118

ECU_Layer/LED/ecu_led.c estimated size: 360

C:\Program Files\Microchip\xc8\v2.41\pic\sources\c99\common\putch.c
		_putch         		CODE           	2F6E	0000	2

C:\Program Files\Microchip\xc8\v2.41\pic\sources\c99\common\putch.c estimated size: 2

C:\Program Files\Microchip\xc8\v2.41\pic\sources\c99\common\nf_fputs.c
		_fputs         		CODE           	2CC0	0000	68

C:\Program Files\Microchip\xc8\v2.41\pic\sources\c99\common\nf_fputs.c estimated size: 68

application.c
		_ADC_DefaultInterruptHandler		CODE           	24BC	0000	182
		_main          		CODE           	1040	0000	894
		_application_intialize		CODE           	2C2C	0000	74

application.c estimated size: 1150

MCAL_Layer/interrupt/mcal_interrupt_manager.c
		_InterruptManager		CODE           	0008	0000	780

MCAL_Layer/interrupt/mcal_interrupt_manager.c estimated size: 780

