Microchip MPLAB XC8 Compiler V2.41

Linker command line:

-W-3 \
  --edf=C:\Program Files\Microchip\xc8\v2.41\pic\dat\20230208172133_en.msgs \
  -cn -h+dist/default/production\project.production.sym \
  --cmf=dist/default/production\project.production.cmf -z -Q18F4620 \
  -oC:\Users\T-BOX\AppData\Local\Temp\xcBs448.1\driver_tmp_3.o \
  --defsym=__MPLAB_BUILD=1 --fixupoverflow=error \
  -Mdist/default/production/project.production.map \
  --md=C:\Users\T-BOX\AppData\Local\Temp\xcBs448.1\driver_tmp_0.dat -E1 \
  -ver=XC8 Compiler --acfsm=1493 -ACODE=00h-0FFFFh -ACONST=00h-0FFFFh \
  -ASMALLCONST=01000h-010FFhx240 -AMEDIUMCONST=01000h-0FFFFh \
  -ACOMRAM=01h-07Fh -AABS1=00h-0F7Fh -ABIGRAM=01h-0F7Fh \
  -ARAM=080h-0FFh,0100h-01FFhx14,0F00h-0F7Fh -ABANK0=080h-0FFh \
  -ABANK1=0100h-01FFh -ABANK2=0200h-02FFh -ABANK3=0300h-03FFh \
  -ABANK4=0400h-04FFh -ABANK5=0500h-05FFh -ABANK6=0600h-06FFh \
  -ABANK7=0700h-07FFh -ABANK8=0800h-08FFh -ABANK9=0900h-09FFh \
  -ABANK10=0A00h-0AFFh -ABANK11=0B00h-0BFFh -ABANK12=0C00h-0CFFh \
  -ABANK13=0D00h-0DFFh -ABANK14=0E00h-0EFFh -ABANK15=0F00h-0F7Fh \
  -ASFR=0F80h-0FFFh -ABIGSFR=0F80h-0FFFh -ACONFIG=0300000h-030000Dh \
  -AIDLOC=0200000h-0200007h -AEEDATA=0F00000h-0F003FFh -peeprom_data=EEDATA \
  -preset_vec=00h,intcode=08h,intcodelo,powerup,init -pramtop=01000h \
  -psmallconst=SMALLCONST -pmediumconst=MEDIUMCONST -pconst=CONST \
  -AFARRAM=00h-00h \
  -prdata=COMRAM,nvrram=COMRAM,nvbit=COMRAM,rbss=COMRAM,rbit=COMRAM \
  -pfarbss=FARRAM,fardata=FARRAM,nvFARRAM=FARRAM \
  -pintsave_regs=BIGRAM,bigbss=BIGRAM,bigdata=BIGRAM -pbss=RAM \
  -pidata=CODE,irdata=CODE,ibigdata=CODE,ifardata=CODE -prparam=COMRAM \
  C:\Users\T-BOX\AppData\Local\Temp\xcBs448.1\driver_tmp_9.o \
  dist/default/production\project.production.o 

Object code version is 3.11

Machine type is 18F4620



                Name                               Link     Load   Length Selector   Space Scale
C:\Users\T-BOX\AppData\Local\Temp\xcBs448.1\driver_tmp_9.o
                idloc                            200000   200000        8        0       5
                config                           300000   300000        E        0       4
                init                                  E        E        4        4       0
                reset_vec                             0        0        4        0       0
dist/default/production\project.production.o
                intcode                               8        8        6        4       0
                idloc                            200000   200000        8        0       5
                config                           300000   300000        E        0       4
                temp                                 7E       7E        1        1       1
                smallconst                         1000     1000       72      800       0
                text43                             32C6     32C6        4     194F       0
                text42                             32C2     32C2        4     194F       0
                text41                             32BE     32BE        4     194F       0
                text40                             32CA     32CA        2     194F       0
                text39                             32BA     32BA        4     194F       0
                text38                             32B6     32B6        4     194F       0
                text37                             32B2     32B2        4     194F       0
                text36                             32AE     32AE        4     194F       0
                text35                             32AA     32AA        4     194F       0
                text34                             32A6     32A6        4     194F       0
                text33                             3256     3256       1A      839       0
                text32                             323C     323C       1A      839       0
                text31                             3222     3222       1A      839       0
                text30                             3208     3208       1A      839       0
                text29                             3288     3288        C      839       0
                text28                             327C     327C        C      839       0
                text27                             329E     329E        8     194F       0
                text26                             3270     3270        C      839       0
                intcode_body                       1A20     1A20      3E6      839       0
                text24                             31D0     31D0       1E      839       0
                text23                             31EE     31EE       1A      839       0
                text22                             3016     3016       56      839       0
                text21                             2C50     2C50       DC      839       0
                text20                             2D2C     2D2C       B4      839       0
                text19                             1560     1560      4C0      839       0
                text18                             1E06     1E06      39A      839       0
                text17                             27AA     27AA      106      839       0
                text16                             2386     2386      1B4      839       0
                text15                             1072     1072      4EE      839       0
                text14                             306C     306C       4E      839       0
                text13                             253A     253A      144      839       0
                text12                             267E     267E      12C      839       0
                text11                             2F48     2F48       6C      839       0
                text10                             2B6E     2B6E       E2      839       0
                text9                              3148     3148       46      839       0
                text8                              2DE0     2DE0       7C      839       0
                text7                              30BA     30BA       48      839       0
                text6                              2A84     2A84       EA      839       0
                text5                              299A     299A       EA      839       0
                text4                              28B0     28B0       EA      839       0
                text3                              3102     3102       46      839       0
                text2                              2ED2     2ED2       76      839       0
                text1                              2E5C     2E5C       76      839       0
                text0                              21A0     21A0      1E6      839       0
                cstackCOMRAM                          1        1       4C        1       1
                dataBANK0                            80       80       42       80       1
                bssBANK0                             C2       C2       24       80       1
                dataCOMRAM                           75       75        9        1       1
                bssCOMRAM                            4D       4D       28        1       1
                cinit                              2FB4     2FB4       62      839       0
                idataBANK0                         318E     318E       42      839       0
                idataCOMRAM                        3294     3294        9      839       0

TOTAL           Name                               Link     Load   Length     Space
        CLASS   CODE           
                intcode                               8        8        6         0
                init                                  E        E        4         0
                reset_vec                             0        0        4         0
                text43                             32C6     32C6        4         0
                text42                             32C2     32C2        4         0
                text41                             32BE     32BE        4         0
                text40                             32CA     32CA        2         0
                text39                             32BA     32BA        4         0
                text38                             32B6     32B6        4         0
                text37                             32B2     32B2        4         0
                text36                             32AE     32AE        4         0
                text35                             32AA     32AA        4         0
                text34                             32A6     32A6        4         0
                text33                             3256     3256       1A         0
                text32                             323C     323C       1A         0
                text31                             3222     3222       1A         0
                text30                             3208     3208       1A         0
                text29                             3288     3288        C         0
                text28                             327C     327C        C         0
                text27                             329E     329E        8         0
                text26                             3270     3270        C         0
                intcode_body                       1A20     1A20      3E6         0
                text24                             31D0     31D0       1E         0
                text23                             31EE     31EE       1A         0
                text22                             3016     3016       56         0
                text21                             2C50     2C50       DC         0
                text20                             2D2C     2D2C       B4         0
                text19                             1560     1560      4C0         0
                text18                             1E06     1E06      39A         0
                text17                             27AA     27AA      106         0
                text16                             2386     2386      1B4         0
                text15                             1072     1072      4EE         0
                text14                             306C     306C       4E         0
                text13                             253A     253A      144         0
                text12                             267E     267E      12C         0
                text11                             2F48     2F48       6C         0
                text10                             2B6E     2B6E       E2         0
                text9                              3148     3148       46         0
                text8                              2DE0     2DE0       7C         0
                text7                              30BA     30BA       48         0
                text6                              2A84     2A84       EA         0
                text5                              299A     299A       EA         0
                text4                              28B0     28B0       EA         0
                text3                              3102     3102       46         0
                text2                              2ED2     2ED2       76         0
                text1                              2E5C     2E5C       76         0
                text0                              21A0     21A0      1E6         0
                cinit                              2FB4     2FB4       62         0
                idataBANK0                         318E     318E       42         0
                idataCOMRAM                        3294     3294        9         0

        CLASS   CONST          

        CLASS   SMALLCONST     
                smallconst                         1000     1000       72         0

        CLASS   MEDIUMCONST    

        CLASS   COMRAM         
                temp                                 7E       7E        1         1
                cstackCOMRAM                          1        1       4C         1
                dataCOMRAM                           75       75        9         1
                bssCOMRAM                            4D       4D       28         1

        CLASS   ABS1           

        CLASS   BIGRAM         

        CLASS   RAM            

        CLASS   BANK0          
                dataBANK0                            80       80       42         1
                bssBANK0                             C2       C2       24         1

        CLASS   BANK1          

        CLASS   BANK2          

        CLASS   BANK3          

        CLASS   BANK4          

        CLASS   BANK5          

        CLASS   BANK6          

        CLASS   BANK7          

        CLASS   BANK8          

        CLASS   BANK9          

        CLASS   BANK10         

        CLASS   BANK11         

        CLASS   BANK12         

        CLASS   BANK13         

        CLASS   BANK14         

        CLASS   BANK15         

        CLASS   SFR            

        CLASS   BIGSFR         

        CLASS   CONFIG         
                config                           300000   300000        E         4

        CLASS   IDLOC          
                idloc                            200000   200000        8         5

        CLASS   EEDATA         

        CLASS   FARRAM         

        CLASS   HEAP           

        CLASS   STACK          



SEGMENTS        Name                           Load    Length   Top    Selector   Space  Class

                reset_vec                      000000  000004  000004         0       0  CODE    
                cstackCOMRAM                   000001  00007E  00007F         1       1  COMRAM  
                intcode                        000008  00000A  000012         4       0  CODE    
                dataBANK0                      000080  000066  0000E6        80       1  BANK0   
                smallconst                     001000  000072  001072       800       0  SMALLCON
                text15                         001072  00222B  00329D       839       0  CODE    
                text27                         00329E  00002E  0032CC      194F       0  CODE    


UNUSED ADDRESS RANGES

        Name                Unused          Largest block    Delta
        BANK0            0000E6-0000FF               1A
        BANK1            000100-0001FF              100
        BANK10           000A00-000AFF              100
        BANK11           000B00-000BFF              100
        BANK12           000C00-000CFF              100
        BANK13           000D00-000DFF              100
        BANK14           000E00-000EFF              100
        BANK15           000F00-000F7F               80
        BANK2            000200-0002FF              100
        BANK3            000300-0003FF              100
        BANK4            000400-0004FF              100
        BANK5            000500-0005FF              100
        BANK6            000600-0006FF              100
        BANK7            000700-0007FF              100
        BANK8            000800-0008FF              100
        BANK9            000900-0009FF              100
        BIGRAM           00007F-00007F                1
                         0000E6-000F7F              E9A
        BIGSFR           000F80-000FFF               80
        CODE             000004-000007                4
                         000012-000FFF              FEE
                         00329D-00329D                1
                         0032CC-00FFFF             CD34
        COMRAM           00007F-00007F                1
        CONST            000004-000007                4
                         000012-000FFF              FEE
                         00329D-00329D                1
                         0032CC-00FFFF             CD34
        EEDATA           F00000-F003FF              400
        MEDIUMCONST      00329D-00329D                1
                         0032CC-00FFFF             CD34
        RAM              0000E6-000F7F              100
        SFR              000F80-000FFF               80
        SMALLCONST       00329D-00329D                1
                         0032CC-00FFFF              100

                                  Symbol Table

?___fladd                                     cstackCOMRAM 000029
?___fldiv                                     cstackCOMRAM 000010
?___fltol                                     cstackCOMRAM 000002
?___xxtofl                                    cstackCOMRAM 000002
CCP_Compare_Mode_Set_Value@F3106              bssCOMRAM    00005B
EUSART_ASYNC_Init@_eusart                     cstackCOMRAM 000045
EUSART_ASYNC_Init@ret                         cstackCOMRAM 000047
EUSART_ASYNC_RX_Init@_eusart                  cstackCOMRAM 000002
EUSART_ASYNC_ReadByteBlocking@_data           cstackCOMRAM 000002
EUSART_ASYNC_TX_Init@_eusart                  cstackCOMRAM 000002
EUSART_ASYNC_WriteByteBlocking@_data          cstackCOMRAM 000002
EUSART_ASYNC_WriteStringBlocking@_data        cstackCOMRAM 000003
EUSART_ASYNC_WriteStringBlocking@char_counter cstackCOMRAM 00000A
EUSART_ASYNC_WriteStringBlocking@ret          cstackCOMRAM 000009
EUSART_ASYNC_WriteStringBlocking@str_len      cstackCOMRAM 000005
EUSART_Baud_Rate_Calculation@Baud_Rate_Temp   cstackCOMRAM 00003D
EUSART_Baud_Rate_Calculation@_eusart          cstackCOMRAM 000039
RB4_ISR@RB4_Source                            cstackCOMRAM 000001
RB5_ISR@RB5_Source                            cstackCOMRAM 000001
RB6_ISR@RB6_Source                            cstackCOMRAM 000001
RB7_ISR@RB7_Source                            cstackCOMRAM 000001
_ADCON0bits                                   (abs)        000FC2
_ADCON1bits                                   (abs)        000FC1
_ADCON2bits                                   (abs)        000FC0
_ADC_ISR                                      text43       0032C6
_ADC_InterruptHandler                         bssCOMRAM    000061
_ADRESH                                       (abs)        000FC4
_ADRESL                                       (abs)        000FC3
_BAUDCONbits                                  (abs)        000FB8
_CCP1CONbits                                  (abs)        000FBD
_CCP1_ISR                                     text42       0032C2
_CCP1_InterruptHandler                        bssCOMRAM    00005F
_CCP2CONbits                                  (abs)        000FBA
_CCP2_ISR                                     text41       0032BE
_CCP2_InterruptHandler                        bssCOMRAM    00005D
_CCPR1H                                       (abs)        000FBF
_CCPR1L                                       (abs)        000FBE
_CCPR2H                                       (abs)        000FBC
_CCPR2L                                       (abs)        000FBB
_EEADR                                        (abs)        000FA9
_EEADRH                                       (abs)        000FAA
_EECON1bits                                   (abs)        000FA6
_EECON2                                       (abs)        000FA7
_EEDATA                                       (abs)        000FA8
_EUSART_ASYNC_Init                            text14       00306C
_EUSART_ASYNC_RX_Init                         text21       002C50
_EUSART_ASYNC_ReadByteBlocking                text24       0031D0
_EUSART_ASYNC_TX_Init                         text20       002D2C
_EUSART_ASYNC_WriteByteBlocking               text23       0031EE
_EUSART_ASYNC_WriteStringBlocking             text22       003016
_EUSART_Baud_Rate_Calculation                 text15       001072
_EUSART_Baud_Rate_Calculation$5124            cstackCOMRAM 000041
_EUSART_FramingErrorHandler                   bssBANK0     0000C4
_EUSART_OverrunErrorHandler                   bssBANK0     0000C2
_EUSART_RX_ISR                                text40       0032CA
_EUSART_RxInterruptHandler                    bssBANK0     0000C6
_EUSART_TX_ISR                                text39       0032BA
_EUSART_TxInterruptHandler                    bssBANK0     0000C8
_I2C_DefaultInterruptHandle                   bssCOMRAM    000057
_I2C_Report_Receive_Overflow_InterruptHandle  bssBANK0     0000E4
_I2C_Report_Write_Collision_InterruptHandler  bssCOMRAM    000059
_INT0_ISR                                     text38       0032B6
_INT0_InterruptHandler                        bssCOMRAM    000055
_INT1_ISR                                     text37       0032B2
_INT1_InterruptHandler                        bssCOMRAM    000053
_INT2_ISR                                     text36       0032AE
_INT2_InterruptHandler                        bssBANK0     0000E2
_INTCON2bits                                  (abs)        000FF1
_INTCON3bits                                  (abs)        000FF0
_INTCONbits                                   (abs)        000FF2
_InterruptManager                             intcode      000008
_LATA                                         (abs)        000F89
_LATB                                         (abs)        000F8A
_LATC                                         (abs)        000F8B
_LATD                                         (abs)        000F8C
_LATE                                         (abs)        000F8D
_MSSP_I2C_BC_ISR                              text35       0032AA
_MSSP_I2C_ISR                                 text34       0032A6
_PIE1bits                                     (abs)        000F9D
_PIE2bits                                     (abs)        000FA0
_PIR1bits                                     (abs)        000F9E
_PIR2bits                                     (abs)        000FA1
_PORTA                                        (abs)        000F80
_PORTB                                        (abs)        000F81
_PORTBbits                                    (abs)        000F81
_PORTC                                        (abs)        000F82
_PORTD                                        (abs)        000F83
_PORTE                                        (abs)        000F84
_RB4_Flag                                     dataCOMRAM   000078
_RB4_ISR                                      text33       003256
_RB4_InterruptHandler_HIGH                    bssBANK0     0000E0
_RB4_InterruptHandler_LOW                     bssBANK0     0000DE
_RB5_Flag                                     dataCOMRAM   000077
_RB5_ISR                                      text32       00323C
_RB5_InterruptHandler_HIGH                    bssBANK0     0000DC
_RB5_InterruptHandler_LOW                     bssBANK0     0000DA
_RB6_Flag                                     dataCOMRAM   000076
_RB6_ISR                                      text31       003222
_RB6_InterruptHandler_HIGH                    bssBANK0     0000D8
_RB6_InterruptHandler_LOW                     bssBANK0     0000D6
_RB7_Flag                                     dataCOMRAM   000075
_RB7_ISR                                      text30       003208
_RB7_InterruptHandler_HIGH                    bssBANK0     0000D4
_RB7_InterruptHandler_LOW                     bssBANK0     0000D2
_RCREG                                        (abs)        000FAE
_RCSTAbits                                    (abs)        000FAB
_SPBRG                                        (abs)        000FAF
_SPBRGH                                       (abs)        000FB0
_SSPADD                                       (abs)        000FC8
_SSPBUF                                       (abs)        000FC9
_SSPCON1bits                                  (abs)        000FC6
_SSPCON2bits                                  (abs)        000FC5
_SSPSTATbits                                  (abs)        000FC7
_T0CONbits                                    (abs)        000FD5
_T1CONbits                                    (abs)        000FCD
_T2CONbits                                    (abs)        000FCA
_T3CONbits                                    (abs)        000FB1
_TMR0H                                        (abs)        000FD7
_TMR0L                                        (abs)        000FD6
_TMR0_ISR                                     text29       003288
_TMR0_InterruptHandler                        bssBANK0     0000D0
_TMR1H                                        (abs)        000FCF
_TMR1L                                        (abs)        000FCE
_TMR1_ISR                                     text28       00327C
_TMR1_InterruptHandler                        bssBANK0     0000CE
_TMR2                                         (abs)        000FCC
_TMR2_ISR                                     text27       00329E
_TMR2_InterruptHandler                        bssBANK0     0000CC
_TMR3H                                        (abs)        000FB3
_TMR3L                                        (abs)        000FB2
_TMR3_ISR                                     text26       003270
_TMR3_InterruptHandler                        bssBANK0     0000CA
_TRISA                                        (abs)        000F92
_TRISB                                        (abs)        000F93
_TRISC                                        (abs)        000F94
_TRISCbits                                    (abs)        000F94
_TRISD                                        (abs)        000F95
_TRISE                                        (abs)        000F96
_TXREG                                        (abs)        000FAD
_TXSTAbits                                    (abs)        000FAC
__HRAM                                        (abs)        000000
__H__absolute__                               __absolute__ 000000
__Habs1                                       abs1         000000
__Hbank0                                      bank0        000000
__Hbank1                                      bank1        000000
__Hbank10                                     bank10       000000
__Hbank11                                     bank11       000000
__Hbank12                                     bank12       000000
__Hbank13                                     bank13       000000
__Hbank14                                     bank14       000000
__Hbank15                                     bank15       000000
__Hbank2                                      bank2        000000
__Hbank3                                      bank3        000000
__Hbank4                                      bank4        000000
__Hbank5                                      bank5        000000
__Hbank6                                      bank6        000000
__Hbank7                                      bank7        000000
__Hbank8                                      bank8        000000
__Hbank9                                      bank9        000000
__Hbigbss                                     bigbss       000000
__Hbigdata                                    bigdata      000000
__Hbigram                                     bigram       000000
__Hbigsfr                                     bigsfr       000000
__Hbss                                        bss          000000
__HbssBANK0                                   bssBANK0     000000
__HbssCOMRAM                                  bssCOMRAM    000000
__Hcinit                                      cinit        000000
__Hclrtext                                    clrtext      000000
__Hcomram                                     comram       000000
__Hconfig                                     config       30000E
__Hconst                                      const        000000
__HcstackCOMRAM                               cstackCOMRAM 000000
__Hdata                                       data         000000
__HdataBANK0                                  dataBANK0    000000
__HdataCOMRAM                                 dataCOMRAM   000000
__Heeprom_data                                eeprom_data  000000
__Hfarbss                                     farbss       000000
__Hfardata                                    fardata      000000
__Hheap                                       heap         000000
__Hibigdata                                   ibigdata     000000
__Hidata                                      idata        000000
__HidataBANK0                                 idataBANK0   000000
__HidataCOMRAM                                idataCOMRAM  000000
__Hidloc                                      idloc        200008
__Hifardata                                   ifardata     000000
__Hinit                                       init         000012
__Hintcode                                    intcode      00000E
__Hintcode_body                               intcode_body 000000
__Hintcodelo                                  intcodelo    00000E
__Hintentry                                   intentry     000000
__Hintret                                     intret       000000
__Hintsave_regs                               intsave_regs 000000
__Hirdata                                     irdata       000000
__Hmediumconst                                mediumconst  000000
__HnvFARRAM                                   nvFARRAM     000000
__Hnvbit                                      nvbit        000000
__Hnvrram                                     nvrram       000000
__Hparam                                      rparam       000000
__Hpowerup                                    powerup      00000E
__Hram                                        ram          000000
__Hramtop                                     ramtop       001000
__Hrbit                                       rbit         000000
__Hrbss                                       rbss         000000
__Hrdata                                      rdata        000000
__Hreset_vec                                  reset_vec    000004
__Hrparam                                     rparam       000000
__Hsfr                                        sfr          000000
__Hsmallconst                                 smallconst   001072
__Hspace_0                                    (abs)        0032CC
__Hspace_1                                    (abs)        0000E6
__Hspace_2                                    (abs)        000000
__Hspace_4                                    (abs)        60000E
__Hstack                                      stack        000000
__Hstruct                                     struct       000000
__Htemp                                       temp         00007F
__Htext                                       text         000000
__Htext0                                      text0        000000
__Htext1                                      text1        000000
__Htext10                                     text10       000000
__Htext11                                     text11       000000
__Htext12                                     text12       000000
__Htext13                                     text13       000000
__Htext14                                     text14       000000
__Htext15                                     text15       000000
__Htext16                                     text16       000000
__Htext17                                     text17       000000
__Htext18                                     text18       000000
__Htext19                                     text19       000000
__Htext2                                      text2        000000
__Htext20                                     text20       000000
__Htext21                                     text21       000000
__Htext22                                     text22       000000
__Htext23                                     text23       000000
__Htext24                                     text24       000000
__Htext26                                     text26       000000
__Htext27                                     text27       000000
__Htext28                                     text28       000000
__Htext29                                     text29       000000
__Htext3                                      text3        000000
__Htext30                                     text30       000000
__Htext31                                     text31       000000
__Htext32                                     text32       000000
__Htext33                                     text33       000000
__Htext34                                     text34       000000
__Htext35                                     text35       000000
__Htext36                                     text36       000000
__Htext37                                     text37       000000
__Htext38                                     text38       000000
__Htext39                                     text39       000000
__Htext4                                      text4        000000
__Htext40                                     text40       000000
__Htext41                                     text41       000000
__Htext42                                     text42       000000
__Htext43                                     text43       000000
__Htext5                                      text5        000000
__Htext6                                      text6        000000
__Htext7                                      text7        000000
__Htext8                                      text8        000000
__Htext9                                      text9        000000
__LRAM                                        (abs)        000001
__L__absolute__                               __absolute__ 000000
__Labs1                                       abs1         000000
__Lbank0                                      bank0        000000
__Lbank1                                      bank1        000000
__Lbank10                                     bank10       000000
__Lbank11                                     bank11       000000
__Lbank12                                     bank12       000000
__Lbank13                                     bank13       000000
__Lbank14                                     bank14       000000
__Lbank15                                     bank15       000000
__Lbank2                                      bank2        000000
__Lbank3                                      bank3        000000
__Lbank4                                      bank4        000000
__Lbank5                                      bank5        000000
__Lbank6                                      bank6        000000
__Lbank7                                      bank7        000000
__Lbank8                                      bank8        000000
__Lbank9                                      bank9        000000
__Lbigbss                                     bigbss       000000
__Lbigdata                                    bigdata      000000
__Lbigram                                     bigram       000000
__Lbigsfr                                     bigsfr       000000
__Lbss                                        bss          000000
__LbssBANK0                                   bssBANK0     000000
__LbssCOMRAM                                  bssCOMRAM    000000
__Lcinit                                      cinit        000000
__Lclrtext                                    clrtext      000000
__Lcomram                                     comram       000000
__Lconfig                                     config       000000
__Lconst                                      const        000000
__LcstackCOMRAM                               cstackCOMRAM 000000
__Ldata                                       data         000000
__LdataBANK0                                  dataBANK0    000000
__LdataCOMRAM                                 dataCOMRAM   000000
__Leeprom_data                                eeprom_data  000000
__Lfarbss                                     farbss       000000
__Lfardata                                    fardata      000000
__Lheap                                       heap         000000
__Libigdata                                   ibigdata     000000
__Lidata                                      idata        000000
__LidataBANK0                                 idataBANK0   000000
__LidataCOMRAM                                idataCOMRAM  000000
__Lidloc                                      idloc        000000
__Lifardata                                   ifardata     000000
__Linit                                       init         00000E
__Lintcode                                    intcode      000008
__Lintcode_body                               intcode_body 000000
__Lintcodelo                                  intcodelo    00000E
__Lintentry                                   intentry     000000
__Lintret                                     intret       000000
__Lintsave_regs                               intsave_regs 000000
__Lirdata                                     irdata       000000
__Lmediumconst                                mediumconst  000000
__LnvFARRAM                                   nvFARRAM     000000
__Lnvbit                                      nvbit        000000
__Lnvrram                                     nvrram       000000
__Lparam                                      rparam       000000
__Lpowerup                                    powerup      00000E
__Lram                                        ram          000000
__Lramtop                                     ramtop       001000
__Lrbit                                       rbit         000000
__Lrbss                                       rbss         000000
__Lrdata                                      rdata        000000
__Lreset_vec                                  reset_vec    000000
__Lrparam                                     rparam       000000
__Lsfr                                        sfr          000000
__Lsmallconst                                 smallconst   001000
__Lspace_0                                    (abs)        000000
__Lspace_1                                    (abs)        000000
__Lspace_2                                    (abs)        000000
__Lspace_4                                    (abs)        000000
__Lstack                                      stack        000000
__Lstruct                                     struct       000000
__Ltemp                                       temp         00007E
__Ltext                                       text         000000
__Ltext0                                      text0        000000
__Ltext1                                      text1        000000
__Ltext10                                     text10       000000
__Ltext11                                     text11       000000
__Ltext12                                     text12       000000
__Ltext13                                     text13       000000
__Ltext14                                     text14       000000
__Ltext15                                     text15       000000
__Ltext16                                     text16       000000
__Ltext17                                     text17       000000
__Ltext18                                     text18       000000
__Ltext19                                     text19       000000
__Ltext2                                      text2        000000
__Ltext20                                     text20       000000
__Ltext21                                     text21       000000
__Ltext22                                     text22       000000
__Ltext23                                     text23       000000
__Ltext24                                     text24       000000
__Ltext26                                     text26       000000
__Ltext27                                     text27       000000
__Ltext28                                     text28       000000
__Ltext29                                     text29       000000
__Ltext3                                      text3        000000
__Ltext30                                     text30       000000
__Ltext31                                     text31       000000
__Ltext32                                     text32       000000
__Ltext33                                     text33       000000
__Ltext34                                     text34       000000
__Ltext35                                     text35       000000
__Ltext36                                     text36       000000
__Ltext37                                     text37       000000
__Ltext38                                     text38       000000
__Ltext39                                     text39       000000
__Ltext4                                      text4        000000
__Ltext40                                     text40       000000
__Ltext41                                     text41       000000
__Ltext42                                     text42       000000
__Ltext43                                     text43       000000
__Ltext5                                      text5        000000
__Ltext6                                      text6        000000
__Ltext7                                      text7        000000
__Ltext8                                      text8        000000
__Ltext9                                      text9        000000
__S0                                          (abs)        0032CC
__S1                                          (abs)        0000E6
__S4                                          (abs)        000000
__S5                                          (abs)        000000
___fladd                                      text19       001560
___fladd@a                                    cstackCOMRAM 00002D
___fladd@aexp                                 cstackCOMRAM 000036
___fladd@b                                    cstackCOMRAM 000029
___fladd@bexp                                 cstackCOMRAM 000037
___fladd@grs                                  cstackCOMRAM 000038
___fladd@signs                                cstackCOMRAM 000035
___fldiv                                      text18       001E06
___fldiv@a                                    cstackCOMRAM 000014
___fldiv@aexp                                 cstackCOMRAM 000028
___fldiv@b                                    cstackCOMRAM 000010
___fldiv@bexp                                 cstackCOMRAM 000027
___fldiv@grs                                  cstackCOMRAM 000023
___fldiv@new_exp                              cstackCOMRAM 000021
___fldiv@rem                                  cstackCOMRAM 00001C
___fldiv@sign                                 cstackCOMRAM 000020
___fltol                                      text17       0027AA
___fltol@exp1                                 cstackCOMRAM 00000B
___fltol@f1                                   cstackCOMRAM 000002
___fltol@sign1                                cstackCOMRAM 00000A
___heap_hi                                    (abs)        000000
___heap_lo                                    (abs)        000000
___inthi_sp                                   stack        000000
___intlo_sp                                   stack        000000
___param_bank                                 (abs)        000000
___rparam_used                                (abs)        000001
___sp                                         stack        000000
___xxtofl                                     text16       002386
___xxtofl@arg                                 cstackCOMRAM 00000C
___xxtofl@exp                                 cstackCOMRAM 00000B
___xxtofl@sign                                cstackCOMRAM 00000A
___xxtofl@val                                 cstackCOMRAM 000002
__accesstop                                   (abs)        000080
__activetblptr                                (abs)        000003
__end_of_ADC_ISR                              text43       0032CA
__end_of_CCP1_ISR                             text42       0032C6
__end_of_CCP2_ISR                             text41       0032C2
__end_of_EUSART_ASYNC_Init                    text14       0030BA
__end_of_EUSART_ASYNC_RX_Init                 text21       002D2C
__end_of_EUSART_ASYNC_ReadByteBlocking        text24       0031EE
__end_of_EUSART_ASYNC_TX_Init                 text20       002DE0
__end_of_EUSART_ASYNC_WriteByteBlocking       text23       003208
__end_of_EUSART_ASYNC_WriteStringBlocking     text22       00306C
__end_of_EUSART_Baud_Rate_Calculation         text15       001560
__end_of_EUSART_RX_ISR                        text40       0032CC
__end_of_EUSART_TX_ISR                        text39       0032BE
__end_of_INT0_ISR                             text38       0032BA
__end_of_INT1_ISR                             text37       0032B6
__end_of_INT2_ISR                             text36       0032B2
__end_of_InterruptManager                     intcode_body 001E06
__end_of_MSSP_I2C_BC_ISR                      text35       0032AE
__end_of_MSSP_I2C_ISR                         text34       0032AA
__end_of_RB4_ISR                              text33       003270
__end_of_RB5_ISR                              text32       003256
__end_of_RB6_ISR                              text31       00323C
__end_of_RB7_ISR                              text30       003222
__end_of_TMR0_ISR                             text29       003294
__end_of_TMR1_ISR                             text28       003288
__end_of_TMR2_ISR                             text27       0032A6
__end_of_TMR3_ISR                             text26       00327C
__end_of___fladd                              text19       001A20
__end_of___fldiv                              text18       0021A0
__end_of___fltol                              text17       0028B0
__end_of___xxtofl                             text16       00253A
__end_of__initialization                      cinit        00300C
__end_of_application_int                      text7        003102
__end_of_btn_values                           smallconst   001011
__end_of_dc_motor_initialize                  text10       002C50
__end_of_dc_motor_move_left                   text6        002B6E
__end_of_dc_motor_move_right                  text5        002A84
__end_of_dc_motor_stop                        text4        00299A
__end_of_gpio_pin_direction_intialize         text13       00267E
__end_of_gpio_pin_intialize                   text11       002FB4
__end_of_gpio_pin_write_logic                 text12       0027AA
__end_of_gpio_port_direction_intialize        text9        00318E
__end_of_gpio_port_write_logic                text3        003148
__end_of_led_initialize                       text8        002E5C
__end_of_led_turn_off                         text2        002F48
__end_of_led_turn_on                          text1        002ED2
__end_of_main                                 text0        002386
__initialization                              cinit        002FB4
__mediumconst                                 mediumconst  000000
__pbssBANK0                                   bssBANK0     0000C2
__pbssCOMRAM                                  bssCOMRAM    00004D
__pcinit                                      cinit        002FB4
__pcstackCOMRAM                               cstackCOMRAM 000001
__pdataBANK0                                  dataBANK0    000080
__pdataCOMRAM                                 dataCOMRAM   000075
__pidataBANK0                                 idataBANK0   00318E
__pidataCOMRAM                                idataCOMRAM  003294
__pintcode                                    intcode      000008
__pintcode_body                               intcode_body 001A20
__psmallconst                                 smallconst   001000
__ptext0                                      text0        0021A0
__ptext1                                      text1        002E5C
__ptext10                                     text10       002B6E
__ptext11                                     text11       002F48
__ptext12                                     text12       00267E
__ptext13                                     text13       00253A
__ptext14                                     text14       00306C
__ptext15                                     text15       001072
__ptext16                                     text16       002386
__ptext17                                     text17       0027AA
__ptext18                                     text18       001E06
__ptext19                                     text19       001560
__ptext2                                      text2        002ED2
__ptext20                                     text20       002D2C
__ptext21                                     text21       002C50
__ptext22                                     text22       003016
__ptext23                                     text23       0031EE
__ptext24                                     text24       0031D0
__ptext26                                     text26       003270
__ptext27                                     text27       00329E
__ptext28                                     text28       00327C
__ptext29                                     text29       003288
__ptext3                                      text3        003102
__ptext30                                     text30       003208
__ptext31                                     text31       003222
__ptext32                                     text32       00323C
__ptext33                                     text33       003256
__ptext34                                     text34       0032A6
__ptext35                                     text35       0032AA
__ptext36                                     text36       0032AE
__ptext37                                     text37       0032B2
__ptext38                                     text38       0032B6
__ptext39                                     text39       0032BA
__ptext4                                      text4        0028B0
__ptext40                                     text40       0032CA
__ptext41                                     text41       0032BE
__ptext42                                     text42       0032C2
__ptext43                                     text43       0032C6
__ptext5                                      text5        00299A
__ptext6                                      text6        002A84
__ptext7                                      text7        0030BA
__ptext8                                      text8        002DE0
__ptext9                                      text9        003148
__ramtop                                      ramtop       001000
__smallconst                                  smallconst   001000
_application_int                              text7        0030BA
_array                                        dataBANK0    000080
_btn_values                                   smallconst   001001
_c                                            bssCOMRAM    000073
_dc_motor_initialize                          text10       002B6E
_dc_motor_move_left                           text6        002A84
_dc_motor_move_right                          text5        00299A
_dc_motor_stop                                text4        0028B0
_dc_mottor_1                                  dataCOMRAM   00007B
_dc_mottor_2                                  dataCOMRAM   000079
_gpio_pin_direction_intialize                 text13       00253A
_gpio_pin_intialize                           text11       002F48
_gpio_pin_write_logic                         text12       00267E
_gpio_port_direction_intialize                text9        003148
_gpio_port_write_logic                        text3        003102
_lat_register                                 dataBANK0    00009E
_led1                                         bssCOMRAM    000074
_led2                                         dataCOMRAM   00007D
_led_initialize                               text8        002DE0
_led_turn_off                                 text2        002ED2
_led_turn_on                                  text1        002E5C
_main                                         text0        0021A0
_port_register                                dataBANK0    000094
_timer0_preload                               bssCOMRAM    000051
_timer1_preload                               bssCOMRAM    00004F
_timer2_preload                               bssCOMRAM    000063
_timer3_preload                               bssCOMRAM    00004D
_tris_register                                dataBANK0    0000A8
_x                                            dataBANK0    0000B2
btemp                                         temp         00007E
dc_motor_initialize@F3047                     bssCOMRAM    000072
dc_motor_initialize@F3049                     bssCOMRAM    000071
dc_motor_initialize@_dc_motor                 cstackCOMRAM 000010
dc_motor_initialize@motor_con1                cstackCOMRAM 000014
dc_motor_initialize@motor_con2                cstackCOMRAM 000015
dc_motor_initialize@ret                       cstackCOMRAM 000013
dc_motor_move_left@F3061                      bssCOMRAM    00006E
dc_motor_move_left@F3063                      bssCOMRAM    00006D
dc_motor_move_left@_dc_motor                  cstackCOMRAM 00000C
dc_motor_move_left@motor_con1                 cstackCOMRAM 000010
dc_motor_move_left@motor_con2                 cstackCOMRAM 000011
dc_motor_move_left@ret                        cstackCOMRAM 00000F
dc_motor_move_right@F3054                     bssCOMRAM    000070
dc_motor_move_right@F3056                     bssCOMRAM    00006F
dc_motor_move_right@_dc_motor                 cstackCOMRAM 00000C
dc_motor_move_right@motor_con1                cstackCOMRAM 000010
dc_motor_move_right@motor_con2                cstackCOMRAM 000011
dc_motor_move_right@ret                       cstackCOMRAM 00000F
dc_motor_stop@F3068                           bssCOMRAM    00006C
dc_motor_stop@F3070                           bssCOMRAM    00006B
dc_motor_stop@_dc_motor                       cstackCOMRAM 00000C
dc_motor_stop@motor_con1                      cstackCOMRAM 000010
dc_motor_stop@motor_con2                      cstackCOMRAM 000011
dc_motor_stop@ret                             cstackCOMRAM 00000F
end_of_initialization                         cinit        00300C
gpio_pin_direction_intialize@pin_config       cstackCOMRAM 000002
gpio_pin_direction_intialize@ret              cstackCOMRAM 00000A
gpio_pin_intialize@pin_config                 cstackCOMRAM 00000C
gpio_pin_intialize@ret                        cstackCOMRAM 00000F
gpio_pin_write_logic@logic                    cstackCOMRAM 000004
gpio_pin_write_logic@pin_config               cstackCOMRAM 000002
gpio_pin_write_logic@ret                      cstackCOMRAM 00000B
gpio_port_direction_intialize@direction       cstackCOMRAM 000002
gpio_port_direction_intialize@port            cstackCOMRAM 000006
gpio_port_direction_intialize@ret             cstackCOMRAM 000005
gpio_port_write_logic@logic                   cstackCOMRAM 000002
gpio_port_write_logic@port                    cstackCOMRAM 000006
gpio_port_write_logic@ret                     cstackCOMRAM 000005
int$flags                                     temp         00007E
int_func                                      intcode_body 001A20
intlevel0                                     text         000000
intlevel1                                     text         000000
intlevel2                                     text         000000
intlevel3                                     text         000000
isa$std                                       (abs)        000001
isa$xinst                                     (abs)        000000
led_initialize@F3048                          bssCOMRAM    00006A
led_initialize@led                            cstackCOMRAM 000010
led_initialize@object                         cstackCOMRAM 000014
led_initialize@ret                            cstackCOMRAM 000013
led_turn_off@F3058                            bssCOMRAM    000068
led_turn_off@led                              cstackCOMRAM 00000C
led_turn_off@object                           cstackCOMRAM 00000F
led_turn_on@F3053                             bssCOMRAM    000069
led_turn_on@led                               cstackCOMRAM 00000C
led_turn_on@object                            cstackCOMRAM 00000F
led_turn_toggle@F3063                         bssCOMRAM    000067
main@ret                                      cstackCOMRAM 00004C
main@z                                        cstackCOMRAM 00004A
relay_initialize@F3042                        bssCOMRAM    000066
relay_turn_off@F3052                          bssCOMRAM    000064
relay_turn_on@F3047                           bssCOMRAM    000065
stackhi                                       (abs)        000000
stacklo                                       (abs)        000000
start                                         init         00000E
start_initialization                          cinit        002FB4
ttemp5                                        temp         00007F
ttemp6                                        temp         000082
ttemp7                                        temp         000086
wtemp8                                        temp         00007F


MODULE INFORMATION

Module		Function		Class		Link	Load	Size
interupt/mcal_external_interupt.c
		_RB4_ISR       		CODE           	3256	0000	26
		_RB5_ISR       		CODE           	323C	0000	26
		_RB6_ISR       		CODE           	3222	0000	26
		_RB7_ISR       		CODE           	3208	0000	26
		_INT0_ISR      		CODE           	32B6	0000	4
		_INT1_ISR      		CODE           	32B2	0000	4
		_INT2_ISR      		CODE           	32AE	0000	4

interupt/mcal_external_interupt.c estimated size: 116

mcal_layer/GPIO/hal_gpio.c
		_gpio_pin_write_logic		CODE           	267E	0000	300
		_gpio_port_direction_intialize		CODE           	3148	0000	70
		_gpio_pin_intialize		CODE           	2F48	0000	108
		_gpio_pin_direction_intialize		CODE           	253A	0000	324
		_gpio_port_write_logic		CODE           	3102	0000	70

mcal_layer/GPIO/hal_gpio.c estimated size: 872

interupt/mcal_interupt_manage.c
		_InterruptManager		CODE           	0008	0000	1004

interupt/mcal_interupt_manage.c estimated size: 1004

C:\Program Files\Microchip\xc8\v2.41\pic\sources\c99\common\fltol.c
		___fltol       		CODE           	27AA	0000	262

C:\Program Files\Microchip\xc8\v2.41\pic\sources\c99\common\fltol.c estimated size: 262

C:\Program Files\Microchip\xc8\v2.41\pic\sources\c99\common\xxtofl.c
		___xxtofl      		CODE           	2386	0000	436

C:\Program Files\Microchip\xc8\v2.41\pic\sources\c99\common\xxtofl.c estimated size: 436

mcal_layer/ecu_DC mottor.c
		_dc_motor_stop 		CODE           	28B0	0000	234
		_dc_motor_initialize		CODE           	2B6E	0000	226
		_dc_motor_move_right		CODE           	299A	0000	234
		_dc_motor_move_left		CODE           	2A84	0000	234

mcal_layer/ecu_DC mottor.c estimated size: 928

mcal_layer/ADC/hal_adc.c
		_ADC_ISR       		CODE           	32C6	0000	4

mcal_layer/ADC/hal_adc.c estimated size: 4

mcal_layer/ecu_led.c
		_led_initialize		CODE           	2DE0	0000	124
		_led_turn_on   		CODE           	2E5C	0000	118
		_led_turn_off  		CODE           	2ED2	0000	118

mcal_layer/ecu_led.c estimated size: 360

C:\Program Files\Microchip\xc8\v2.41\pic\sources\c99\common\sprcadd.c
		___fladd       		CODE           	1560	0000	1216

C:\Program Files\Microchip\xc8\v2.41\pic\sources\c99\common\sprcadd.c estimated size: 1216

mcal_layer/CCP/hal_ccp.c
		_CCP1_ISR      		CODE           	32C2	0000	4
		_CCP2_ISR      		CODE           	32BE	0000	4

mcal_layer/CCP/hal_ccp.c estimated size: 8

mcal_layer/Timer2/hal_timr2.c
		_TMR2_ISR      		CODE           	329E	0000	8

mcal_layer/Timer2/hal_timr2.c estimated size: 8

mcal_layer/Timer0/hal_timr0.c
		_TMR0_ISR      		CODE           	3288	0000	12

mcal_layer/Timer0/hal_timr0.c estimated size: 12

shared
		_btn_values    		SMALLCONST     	1001	0000	16
		__initialization		CODE           	2FB4	0000	88

shared estimated size: 104

mcal_layer/Timer1/hal_timer1.c
		_TMR1_ISR      		CODE           	327C	0000	12

mcal_layer/Timer1/hal_timer1.c estimated size: 12

mcal_layer/I2c/hal_i2c.c
		_MSSP_I2C_ISR  		CODE           	32A6	0000	4
		_MSSP_I2C_BC_ISR		CODE           	32AA	0000	4

mcal_layer/I2c/hal_i2c.c estimated size: 8

application.c
		_application_int		CODE           	30BA	0000	72
		_main          		CODE           	21A0	0000	486

application.c estimated size: 558

mcal_layer/usart/hal_usart.c
		_EUSART_RX_ISR 		CODE           	32CA	0000	2
		_EUSART_TX_ISR 		CODE           	32BA	0000	4
		_EUSART_ASYNC_WriteByteBlocking		CODE           	31EE	0000	26
		_EUSART_ASYNC_ReadByteBlocking		CODE           	31D0	0000	30
		_EUSART_ASYNC_Init		CODE           	306C	0000	78
		_EUSART_ASYNC_WriteStringBlocking		CODE           	3016	0000	86
		_EUSART_ASYNC_RX_Init		CODE           	2C50	0000	220
		_EUSART_ASYNC_TX_Init		CODE           	2D2C	0000	180
		_EUSART_Baud_Rate_Calculation		CODE           	1072	0000	1262

mcal_layer/usart/hal_usart.c estimated size: 1888

C:\Program Files\Microchip\xc8\v2.41\pic\sources\c99\common\sprcdiv.c
		___fldiv       		CODE           	1E06	0000	922

C:\Program Files\Microchip\xc8\v2.41\pic\sources\c99\common\sprcdiv.c estimated size: 922

mcal_layer/Timer3/hal_timr3.c
		_TMR3_ISR      		CODE           	3270	0000	12

mcal_layer/Timer3/hal_timr3.c estimated size: 12

