Microchip MPLAB XC8 Compiler V2.41

Linker command line:

-W-3 \
  --edf=C:\Program Files\Microchip\xc8\v2.41\pic\dat\20230208172133_en.msgs \
  -cn -h+dist/default/production\MTLAB_Diploma_Project.production.sym \
  --cmf=dist/default/production\MTLAB_Diploma_Project.production.cmf -z \
  -Q18F4620 -oC:\Users\T-BOX\AppData\Local\Temp\xcAs7eo.\driver_tmp_3.o \
  --defsym=__MPLAB_BUILD=1 --fixupoverflow=error \
  -Mdist/default/production/MTLAB_Diploma_Project.production.map \
  --md=C:\Users\T-BOX\AppData\Local\Temp\xcAs7eo.\driver_tmp_0.dat -E1 \
  -ver=XC8 Compiler --acfsm=1493 -ACODE=00h-0FFFFh -ACONST=00h-0FFFFh \
  -ASMALLCONST=01000h-010FFhx240 -AMEDIUMCONST=01000h-0FFFFh \
  -ACOMRAM=01h-07Fh -AABS1=00h-0F7Fh -ABIGRAM=01h-0F7Fh \
  -ARAM=080h-0FFh,0100h-01FFhx14,0F00h-0F7Fh -ABANK0=080h-0FFh \
  -ABANK1=0100h-01FFh -ABANK2=0200h-02FFh -ABANK3=0300h-03FFh \
  -ABANK4=0400h-04FFh -ABANK5=0500h-05FFh -ABANK6=0600h-06FFh \
  -ABANK7=0700h-07FFh -ABANK8=0800h-08FFh -ABANK9=0900h-09FFh \
  -ABANK10=0A00h-0AFFh -ABANK11=0B00h-0BFFh -ABANK12=0C00h-0CFFh \
  -ABANK13=0D00h-0DFFh -ABANK14=0E00h-0EFFh -ABANK15=0F00h-0F7Fh \
  -ASFR=0F80h-0FFFh -ABIGSFR=0F80h-0FFFh -ACONFIG=0300000h-030000Dh \
  -AIDLOC=0200000h-0200007h -AEEDATA=0F00000h-0F003FFh -peeprom_data=EEDATA \
  -preset_vec=00h,intcode=08h,intcodelo,powerup,init -pramtop=01000h \
  -psmallconst=SMALLCONST -pmediumconst=MEDIUMCONST -pconst=CONST \
  -AFARRAM=00h-00h \
  -prdata=COMRAM,nvrram=COMRAM,nvbit=COMRAM,rbss=COMRAM,rbit=COMRAM \
  -pfarbss=FARRAM,fardata=FARRAM,nvFARRAM=FARRAM \
  -pintsave_regs=BIGRAM,bigbss=BIGRAM,bigdata=BIGRAM -pbss=RAM \
  -pidata=CODE,irdata=CODE,ibigdata=CODE,ifardata=CODE -prparam=COMRAM \
  C:\Users\T-BOX\AppData\Local\Temp\xcAs7eo.\driver_tmp_14.o \
  dist/default/production\MTLAB_Diploma_Project.production.o 

Object code version is 3.11

Machine type is 18F4620



                Name                               Link     Load   Length Selector   Space Scale
C:\Users\T-BOX\AppData\Local\Temp\xcAs7eo.\driver_tmp_14.o
                idloc                            200000   200000        8        0       5
                config                           300000   300000        E        0       4
                init                                  E        E        4        4       0
                reset_vec                             0        0        4        0       0
dist/default/production\MTLAB_Diploma_Project.production.o
                intcode                               8        8        6        4       0
                idloc                            200000   200000        8        0       5
                config                           300000   300000        E        0       4
                temp                                 7E       7E        1        1       1
                smallconst                         1000     1000       3E      800       0
                text53                             3474     3474        4     1A32       0
                text52                             347A     347A        2     1A32       0
                text51                             3470     3470        4     1A32       0
                text50                             346C     346C        4     1A32       0
                text49                             3468     3468        4     1A32       0
                text48                             3464     3464        4     1A32       0
                text47                             3442     3442       1A     19E8       0
                text46                             3428     3428       1A     19E8       0
                text45                             340E     340E       1A     19E8       0
                text44                             33F4     33F4       1A     19E8       0
                intcode_body                       1762     1762      2E6      81F       0
                text42                             273A     273A       C4      81F       0
                text41                             24D4     24D4       D8      81F       0
                text40                             3332     3332       3A      81F       0
                text39                             33D0     33D0       24     19E8       0
                text38                             2DD6     2DD6       74      81F       0
                text37                             103E     103E      42A      81F       0
                text36                             23CE     23CE      106      81F       0
                text35                             2D62     2D62       74      81F       0
                text34                             1A48     1A48      1B4      81F       0
                text33                             3156     3156       4A      81F       0
                text32                             3270     3270       44      81F       0
                text31                             27FE     27FE       C0      81F       0
                text30                             1F06     1F06      144      81F       0
                text29                             22A2     22A2      12C      81F       0
                text28                             2F9C     2F9C       6C      81F       0
                text27                             32F4     32F4       3E      81F       0
                text26                             336C     336C       34      81F       0
                text25                             3008     3008       68      81F       0
                text24                             2EBC     2EBC       72      81F       0
                text23                             2176     2176      12C      81F       0
                text22                             2C6C     2C6C       7C      81F       0
                text21                             310C     310C       4A      81F       0
                text20                             1D90     1D90      176      81F       0
                text19                             2676     2676       C4      81F       0
                text18                             2974     2974       B0      81F       0
                text17                             32B4     32B4       40      81F       0
                text16                             3478     3478        2     1A32       0
                text15                             25AC     25AC       CA      81F       0
                text14                             322C     322C       44      81F       0
                text13                             2CE8     2CE8       7A      81F       0
                text12                             1BFC     1BFC      194      81F       0
                text11                             204A     204A      12C      81F       0
                text10                             3070     3070       50      81F       0
                text9                              30C0     30C0       4C      81F       0
                text8                              28BE     28BE       B6      81F       0
                text7                              31E6     31E6       46      81F       0
                text6                              31A0     31A0       46      81F       0
                text5                              2E4A     2E4A       72      81F       0
                text4                              2A24     2A24       A8      81F       0
                text3                              2ACC     2ACC       A0      81F       0
                text2                              2BEC     2BEC       80      81F       0
                text1                              2B6C     2B6C       80      81F       0
                text0                              1468     1468      2FA      81F       0
                cstackCOMRAM                          1        1       63        1       1
                bssBANK1                            100      100       20      100       1
                dataBANK0                            CD       CD       2F       80       1
                bssBANK0                             80       80       4D       80       1
                dataCOMRAM                           77       77        7        1       1
                bssCOMRAM                            64       64       13        1       1
                cinit                              2F2E     2F2E       6E      81F       0
                idataBANK0                         33A0     33A0       2F      81F       0
                idataCOMRAM                        345C     345C        7     19E8       0

TOTAL           Name                               Link     Load   Length     Space
        CLASS   CODE           
                intcode                               8        8        6         0
                init                                  E        E        4         0
                reset_vec                             0        0        4         0
                text53                             3474     3474        4         0
                text52                             347A     347A        2         0
                text51                             3470     3470        4         0
                text50                             346C     346C        4         0
                text49                             3468     3468        4         0
                text48                             3464     3464        4         0
                text47                             3442     3442       1A         0
                text46                             3428     3428       1A         0
                text45                             340E     340E       1A         0
                text44                             33F4     33F4       1A         0
                intcode_body                       1762     1762      2E6         0
                text42                             273A     273A       C4         0
                text41                             24D4     24D4       D8         0
                text40                             3332     3332       3A         0
                text39                             33D0     33D0       24         0
                text38                             2DD6     2DD6       74         0
                text37                             103E     103E      42A         0
                text36                             23CE     23CE      106         0
                text35                             2D62     2D62       74         0
                text34                             1A48     1A48      1B4         0
                text33                             3156     3156       4A         0
                text32                             3270     3270       44         0
                text31                             27FE     27FE       C0         0
                text30                             1F06     1F06      144         0
                text29                             22A2     22A2      12C         0
                text28                             2F9C     2F9C       6C         0
                text27                             32F4     32F4       3E         0
                text26                             336C     336C       34         0
                text25                             3008     3008       68         0
                text24                             2EBC     2EBC       72         0
                text23                             2176     2176      12C         0
                text22                             2C6C     2C6C       7C         0
                text21                             310C     310C       4A         0
                text20                             1D90     1D90      176         0
                text19                             2676     2676       C4         0
                text18                             2974     2974       B0         0
                text17                             32B4     32B4       40         0
                text16                             3478     3478        2         0
                text15                             25AC     25AC       CA         0
                text14                             322C     322C       44         0
                text13                             2CE8     2CE8       7A         0
                text12                             1BFC     1BFC      194         0
                text11                             204A     204A      12C         0
                text10                             3070     3070       50         0
                text9                              30C0     30C0       4C         0
                text8                              28BE     28BE       B6         0
                text7                              31E6     31E6       46         0
                text6                              31A0     31A0       46         0
                text5                              2E4A     2E4A       72         0
                text4                              2A24     2A24       A8         0
                text3                              2ACC     2ACC       A0         0
                text2                              2BEC     2BEC       80         0
                text1                              2B6C     2B6C       80         0
                text0                              1468     1468      2FA         0
                cinit                              2F2E     2F2E       6E         0
                idataBANK0                         33A0     33A0       2F         0
                idataCOMRAM                        345C     345C        7         0

        CLASS   CONST          

        CLASS   SMALLCONST     
                smallconst                         1000     1000       3E         0

        CLASS   MEDIUMCONST    

        CLASS   COMRAM         
                temp                                 7E       7E        1         1
                cstackCOMRAM                          1        1       63         1
                dataCOMRAM                           77       77        7         1
                bssCOMRAM                            64       64       13         1

        CLASS   ABS1           

        CLASS   BIGRAM         

        CLASS   RAM            

        CLASS   BANK0          
                dataBANK0                            CD       CD       2F         1
                bssBANK0                             80       80       4D         1

        CLASS   BANK1          
                bssBANK1                            100      100       20         1

        CLASS   BANK2          

        CLASS   BANK3          

        CLASS   BANK4          

        CLASS   BANK5          

        CLASS   BANK6          

        CLASS   BANK7          

        CLASS   BANK8          

        CLASS   BANK9          

        CLASS   BANK10         

        CLASS   BANK11         

        CLASS   BANK12         

        CLASS   BANK13         

        CLASS   BANK14         

        CLASS   BANK15         

        CLASS   SFR            

        CLASS   BIGSFR         

        CLASS   CONFIG         
                config                           300000   300000        E         4

        CLASS   IDLOC          
                idloc                            200000   200000        8         5

        CLASS   EEDATA         

        CLASS   FARRAM         

        CLASS   HEAP           

        CLASS   STACK          



SEGMENTS        Name                           Load    Length   Top    Selector   Space  Class

                reset_vec                      000000  000004  000004         0       0  CODE    
                cstackCOMRAM                   000001  00007E  00007F         1       1  COMRAM  
                intcode                        000008  00000A  000012         4       0  CODE    
                bssBANK0                       000080  00007C  0000FC        80       1  BANK0   
                bssBANK1                       000100  000020  000120       100       1  BANK1   
                smallconst                     001000  00003E  00103E       800       0  SMALLCON
                text37                         00103E  002391  0033CF       81F       0  CODE    
                text39                         0033D0  000093  003463      19E8       0  CODE    
                text48                         003464  000018  00347C      1A32       0  CODE    


UNUSED ADDRESS RANGES

        Name                Unused          Largest block    Delta
        BANK0            0000FC-0000FF                4
        BANK1            000120-0001FF               E0
        BANK10           000A00-000AFF              100
        BANK11           000B00-000BFF              100
        BANK12           000C00-000CFF              100
        BANK13           000D00-000DFF              100
        BANK14           000E00-000EFF              100
        BANK15           000F00-000F7F               80
        BANK2            000200-0002FF              100
        BANK3            000300-0003FF              100
        BANK4            000400-0004FF              100
        BANK5            000500-0005FF              100
        BANK6            000600-0006FF              100
        BANK7            000700-0007FF              100
        BANK8            000800-0008FF              100
        BANK9            000900-0009FF              100
        BIGRAM           00007F-00007F                1
                         0000FC-0000FF                4
                         000120-000F7F              E60
        BIGSFR           000F80-000FFF               80
        CODE             000004-000007                4
                         000012-000FFF              FEE
                         0033CF-0033CF                1
                         003463-003463                1
                         00347C-00FFFF             CB84
        COMRAM           00007F-00007F                1
        CONST            000004-000007                4
                         000012-000FFF              FEE
                         0033CF-0033CF                1
                         003463-003463                1
                         00347C-00FFFF             CB84
        EEDATA           F00000-F003FF              400
        MEDIUMCONST      0033CF-0033CF                1
                         003463-003463                1
                         00347C-00FFFF             CB84
        RAM              0000FC-0000FF                4
                         000120-000F7F              100
        SFR              000F80-000FFF               80
        SMALLCONST       0033CF-0033CF                1
                         003463-003463                1
                         00347C-00FFFF              100

                                  Symbol Table

?___awdiv                                    cstackCOMRAM 000002
?___awmod                                    cstackCOMRAM 000002
?___flmul                                    cstackCOMRAM 000010
?___fltol                                    cstackCOMRAM 000029
?___lwdiv                                    cstackCOMRAM 000002
?___xxtofl                                   cstackCOMRAM 000002
?_abs                                        cstackCOMRAM 000008
?_sprintf                                    cstackCOMRAM 000040
?_vfprintf                                   cstackCOMRAM 000038
ADC_GetConversionResult@_adc                 cstackCOMRAM 000002
ADC_GetConversionResult@conversion_result    cstackCOMRAM 000004
ADC_GetConversionResult@ret                  cstackCOMRAM 000009
ADC_GetConversion_Blocking@_adc              cstackCOMRAM 00000A
ADC_GetConversion_Blocking@channel           cstackCOMRAM 00000C
ADC_GetConversion_Blocking@conversion_result cstackCOMRAM 00000D
ADC_GetConversion_Blocking@ret               cstackCOMRAM 00000F
ADC_Init@_adc                                cstackCOMRAM 000005
ADC_Init@ret                                 cstackCOMRAM 000008
ADC_SelectChannel@_adc                       cstackCOMRAM 000005
ADC_SelectChannel@channel                    cstackCOMRAM 000007
ADC_SelectChannel@ret                        cstackCOMRAM 000009
ADC_StartConversion@_adc                     cstackCOMRAM 000002
ADC_StartConversion@ret                      cstackCOMRAM 000004
CCP_Compare_Mode_Set_Value@F3106             bssBANK0     0000BB
RB4_ISR@RB4_Source                           cstackCOMRAM 000001
RB5_ISR@RB5_Source                           cstackCOMRAM 000001
RB6_ISR@RB6_Source                           cstackCOMRAM 000001
RB7_ISR@RB7_Source                           cstackCOMRAM 000001
_ADCON0bits                                  (abs)        000FC2
_ADCON1bits                                  (abs)        000FC1
_ADCON2bits                                  (abs)        000FC0
_ADC_GetConversionResult                     text42       00273A
_ADC_GetConversion_Blocking                  text38       002DD6
_ADC_ISR                                     text53       003474
_ADC_Init                                    text31       0027FE
_ADC_InterruptHandler                        bssBANK0     0000BD
_ADC_SelectChannel                           text40       003332
_ADC_StartConversion                         text39       0033D0
_ADRESH                                      (abs)        000FC4
_ADRESL                                      (abs)        000FC3
_BAUDCONbits                                 (abs)        000FB8
_CCP1CONbits                                 (abs)        000FBD
_CCP2CONbits                                 (abs)        000FBA
_CCPR1H                                      (abs)        000FBF
_CCPR1L                                      (abs)        000FBE
_CCPR2H                                      (abs)        000FBC
_CCPR2L                                      (abs)        000FBB
_EEADR                                       (abs)        000FA9
_EEADRH                                      (abs)        000FAA
_EECON1bits                                  (abs)        000FA6
_EECON2                                      (abs)        000FA7
_EEDATA                                      (abs)        000FA8
_EUSART_FramingErrorHandler                  bssBANK0     000095
_EUSART_OverrunErrorHandler                  bssBANK0     000093
_EUSART_RX_ISR                               text52       00347A
_EUSART_RxInterruptHandler                   bssBANK0     000097
_EUSART_TX_ISR                               text51       003470
_EUSART_TxInterruptHandler                   bssBANK0     000099
_INT0_ISR                                    text50       00346C
_INT0_InterruptHandler                       bssBANK0     0000B9
_INT1_ISR                                    text49       003468
_INT1_InterruptHandler                       bssBANK0     0000B7
_INT2_ISR                                    text48       003464
_INT2_InterruptHandler                       bssBANK0     0000B5
_INTCON2bits                                 (abs)        000FF1
_INTCON3bits                                 (abs)        000FF0
_INTCONbits                                  (abs)        000FF2
_InterruptManager                            intcode      000008
_LATA                                        (abs)        000F89
_LATB                                        (abs)        000F8A
_LATC                                        (abs)        000F8B
_LATD                                        (abs)        000F8C
_LATE                                        (abs)        000F8D
_PIE1bits                                    (abs)        000F9D
_PIR1bits                                    (abs)        000F9E
_PORTA                                       (abs)        000F80
_PORTB                                       (abs)        000F81
_PORTBbits                                   (abs)        000F81
_PORTC                                       (abs)        000F82
_PORTD                                       (abs)        000F83
_PORTE                                       (abs)        000F84
_PR2                                         (abs)        000FCB
_RB4_Flag                                    dataCOMRAM   00007B
_RB4_ISR                                     text47       003442
_RB4_InterruptHandler_HIGH                   bssBANK0     0000B3
_RB4_InterruptHandler_LOW                    bssBANK0     0000B1
_RB5_Flag                                    dataCOMRAM   00007A
_RB5_ISR                                     text46       003428
_RB5_InterruptHandler_HIGH                   bssBANK0     0000AF
_RB5_InterruptHandler_LOW                    bssBANK0     0000AD
_RB6_Flag                                    dataCOMRAM   000079
_RB6_ISR                                     text45       00340E
_RB6_InterruptHandler_HIGH                   bssBANK0     0000AB
_RB6_InterruptHandler_LOW                    bssBANK0     0000A9
_RB7_Flag                                    dataCOMRAM   000078
_RB7_ISR                                     text44       0033F4
_RB7_InterruptHandler_HIGH                   bssBANK0     0000A7
_RB7_InterruptHandler_LOW                    bssBANK0     0000A5
_RCREG                                       (abs)        000FAE
_RCSTAbits                                   (abs)        000FAB
_SPBRG                                       (abs)        000FAF
_SPBRGH                                      (abs)        000FB0
_SSPADD                                      (abs)        000FC8
_SSPBUF                                      (abs)        000FC9
_SSPCON1bits                                 (abs)        000FC6
_SSPCON2bits                                 (abs)        000FC5
_SSPSTATbits                                 (abs)        000FC7
_T0CONbits                                   (abs)        000FD5
_T1CONbits                                   (abs)        000FCD
_T2CONbits                                   (abs)        000FCA
_T3CONbits                                   (abs)        000FB1
_TMR0H                                       (abs)        000FD7
_TMR0L                                       (abs)        000FD6
_TMR1H                                       (abs)        000FCF
_TMR1L                                       (abs)        000FCE
_TMR2                                        (abs)        000FCC
_TMR3H                                       (abs)        000FB3
_TMR3L                                       (abs)        000FB2
_TRISA                                       (abs)        000F92
_TRISAbits                                   (abs)        000F92
_TRISB                                       (abs)        000F93
_TRISC                                       (abs)        000F94
_TRISCbits                                   (abs)        000F94
_TRISD                                       (abs)        000F95
_TRISE                                       (abs)        000F96
_TXREG                                       (abs)        000FAD
_TXSTAbits                                   (abs)        000FAC
_Timer2_Preload_Value                        bssCOMRAM    00006B
_Timer3_Preload_Value                        bssBANK0     00009B
__HRAM                                       (abs)        000000
__H__absolute__                              __absolute__ 000000
__Habs1                                      abs1         000000
__Hbank0                                     bank0        000000
__Hbank1                                     bank1        000000
__Hbank10                                    bank10       000000
__Hbank11                                    bank11       000000
__Hbank12                                    bank12       000000
__Hbank13                                    bank13       000000
__Hbank14                                    bank14       000000
__Hbank15                                    bank15       000000
__Hbank2                                     bank2        000000
__Hbank3                                     bank3        000000
__Hbank4                                     bank4        000000
__Hbank5                                     bank5        000000
__Hbank6                                     bank6        000000
__Hbank7                                     bank7        000000
__Hbank8                                     bank8        000000
__Hbank9                                     bank9        000000
__Hbigbss                                    bigbss       000000
__Hbigdata                                   bigdata      000000
__Hbigram                                    bigram       000000
__Hbigsfr                                    bigsfr       000000
__Hbss                                       bss          000000
__HbssBANK0                                  bssBANK0     000000
__HbssBANK1                                  bssBANK1     000000
__HbssCOMRAM                                 bssCOMRAM    000000
__Hcinit                                     cinit        000000
__Hclrtext                                   clrtext      000000
__Hcomram                                    comram       000000
__Hconfig                                    config       30000E
__Hconst                                     const        000000
__HcstackCOMRAM                              cstackCOMRAM 000000
__Hdata                                      data         000000
__HdataBANK0                                 dataBANK0    000000
__HdataCOMRAM                                dataCOMRAM   000000
__Heeprom_data                               eeprom_data  000000
__Hfarbss                                    farbss       000000
__Hfardata                                   fardata      000000
__Hheap                                      heap         000000
__Hibigdata                                  ibigdata     000000
__Hidata                                     idata        000000
__HidataBANK0                                idataBANK0   000000
__HidataCOMRAM                               idataCOMRAM  000000
__Hidloc                                     idloc        200008
__Hifardata                                  ifardata     000000
__Hinit                                      init         000012
__Hintcode                                   intcode      00000E
__Hintcode_body                              intcode_body 000000
__Hintcodelo                                 intcodelo    00000E
__Hintentry                                  intentry     000000
__Hintret                                    intret       000000
__Hintsave_regs                              intsave_regs 000000
__Hirdata                                    irdata       000000
__Hmediumconst                               mediumconst  000000
__HnvFARRAM                                  nvFARRAM     000000
__Hnvbit                                     nvbit        000000
__Hnvrram                                    nvrram       000000
__Hparam                                     rparam       000000
__Hpowerup                                   powerup      00000E
__Hram                                       ram          000000
__Hramtop                                    ramtop       001000
__Hrbit                                      rbit         000000
__Hrbss                                      rbss         000000
__Hrdata                                     rdata        000000
__Hreset_vec                                 reset_vec    000004
__Hrparam                                    rparam       000000
__Hsfr                                       sfr          000000
__Hsmallconst                                smallconst   00103E
__Hspace_0                                   (abs)        00347C
__Hspace_1                                   (abs)        000120
__Hspace_2                                   (abs)        000000
__Hspace_4                                   (abs)        60000E
__Hstack                                     stack        000000
__Hstruct                                    struct       000000
__Htemp                                      temp         00007F
__Htext                                      text         000000
__Htext0                                     text0        000000
__Htext1                                     text1        000000
__Htext10                                    text10       000000
__Htext11                                    text11       000000
__Htext12                                    text12       000000
__Htext13                                    text13       000000
__Htext14                                    text14       000000
__Htext15                                    text15       000000
__Htext16                                    text16       000000
__Htext17                                    text17       000000
__Htext18                                    text18       000000
__Htext19                                    text19       000000
__Htext2                                     text2        000000
__Htext20                                    text20       000000
__Htext21                                    text21       000000
__Htext22                                    text22       000000
__Htext23                                    text23       000000
__Htext24                                    text24       000000
__Htext25                                    text25       000000
__Htext26                                    text26       000000
__Htext27                                    text27       000000
__Htext28                                    text28       000000
__Htext29                                    text29       000000
__Htext3                                     text3        000000
__Htext30                                    text30       000000
__Htext31                                    text31       000000
__Htext32                                    text32       000000
__Htext33                                    text33       000000
__Htext34                                    text34       000000
__Htext35                                    text35       000000
__Htext36                                    text36       000000
__Htext37                                    text37       000000
__Htext38                                    text38       000000
__Htext39                                    text39       000000
__Htext4                                     text4        000000
__Htext40                                    text40       000000
__Htext41                                    text41       000000
__Htext42                                    text42       000000
__Htext44                                    text44       000000
__Htext45                                    text45       000000
__Htext46                                    text46       000000
__Htext47                                    text47       000000
__Htext48                                    text48       000000
__Htext49                                    text49       000000
__Htext5                                     text5        000000
__Htext50                                    text50       000000
__Htext51                                    text51       000000
__Htext52                                    text52       000000
__Htext53                                    text53       000000
__Htext6                                     text6        000000
__Htext7                                     text7        000000
__Htext8                                     text8        000000
__Htext9                                     text9        000000
__LRAM                                       (abs)        000001
__L__absolute__                              __absolute__ 000000
__Labs1                                      abs1         000000
__Lbank0                                     bank0        000000
__Lbank1                                     bank1        000000
__Lbank10                                    bank10       000000
__Lbank11                                    bank11       000000
__Lbank12                                    bank12       000000
__Lbank13                                    bank13       000000
__Lbank14                                    bank14       000000
__Lbank15                                    bank15       000000
__Lbank2                                     bank2        000000
__Lbank3                                     bank3        000000
__Lbank4                                     bank4        000000
__Lbank5                                     bank5        000000
__Lbank6                                     bank6        000000
__Lbank7                                     bank7        000000
__Lbank8                                     bank8        000000
__Lbank9                                     bank9        000000
__Lbigbss                                    bigbss       000000
__Lbigdata                                   bigdata      000000
__Lbigram                                    bigram       000000
__Lbigsfr                                    bigsfr       000000
__Lbss                                       bss          000000
__LbssBANK0                                  bssBANK0     000000
__LbssBANK1                                  bssBANK1     000000
__LbssCOMRAM                                 bssCOMRAM    000000
__Lcinit                                     cinit        000000
__Lclrtext                                   clrtext      000000
__Lcomram                                    comram       000000
__Lconfig                                    config       000000
__Lconst                                     const        000000
__LcstackCOMRAM                              cstackCOMRAM 000000
__Ldata                                      data         000000
__LdataBANK0                                 dataBANK0    000000
__LdataCOMRAM                                dataCOMRAM   000000
__Leeprom_data                               eeprom_data  000000
__Lfarbss                                    farbss       000000
__Lfardata                                   fardata      000000
__Lheap                                      heap         000000
__Libigdata                                  ibigdata     000000
__Lidata                                     idata        000000
__LidataBANK0                                idataBANK0   000000
__LidataCOMRAM                               idataCOMRAM  000000
__Lidloc                                     idloc        000000
__Lifardata                                  ifardata     000000
__Linit                                      init         00000E
__Lintcode                                   intcode      000008
__Lintcode_body                              intcode_body 000000
__Lintcodelo                                 intcodelo    00000E
__Lintentry                                  intentry     000000
__Lintret                                    intret       000000
__Lintsave_regs                              intsave_regs 000000
__Lirdata                                    irdata       000000
__Lmediumconst                               mediumconst  000000
__LnvFARRAM                                  nvFARRAM     000000
__Lnvbit                                     nvbit        000000
__Lnvrram                                    nvrram       000000
__Lparam                                     rparam       000000
__Lpowerup                                   powerup      00000E
__Lram                                       ram          000000
__Lramtop                                    ramtop       001000
__Lrbit                                      rbit         000000
__Lrbss                                      rbss         000000
__Lrdata                                     rdata        000000
__Lreset_vec                                 reset_vec    000000
__Lrparam                                    rparam       000000
__Lsfr                                       sfr          000000
__Lsmallconst                                smallconst   001000
__Lspace_0                                   (abs)        000000
__Lspace_1                                   (abs)        000000
__Lspace_2                                   (abs)        000000
__Lspace_4                                   (abs)        000000
__Lstack                                     stack        000000
__Lstruct                                    struct       000000
__Ltemp                                      temp         00007E
__Ltext                                      text         000000
__Ltext0                                     text0        000000
__Ltext1                                     text1        000000
__Ltext10                                    text10       000000
__Ltext11                                    text11       000000
__Ltext12                                    text12       000000
__Ltext13                                    text13       000000
__Ltext14                                    text14       000000
__Ltext15                                    text15       000000
__Ltext16                                    text16       000000
__Ltext17                                    text17       000000
__Ltext18                                    text18       000000
__Ltext19                                    text19       000000
__Ltext2                                     text2        000000
__Ltext20                                    text20       000000
__Ltext21                                    text21       000000
__Ltext22                                    text22       000000
__Ltext23                                    text23       000000
__Ltext24                                    text24       000000
__Ltext25                                    text25       000000
__Ltext26                                    text26       000000
__Ltext27                                    text27       000000
__Ltext28                                    text28       000000
__Ltext29                                    text29       000000
__Ltext3                                     text3        000000
__Ltext30                                    text30       000000
__Ltext31                                    text31       000000
__Ltext32                                    text32       000000
__Ltext33                                    text33       000000
__Ltext34                                    text34       000000
__Ltext35                                    text35       000000
__Ltext36                                    text36       000000
__Ltext37                                    text37       000000
__Ltext38                                    text38       000000
__Ltext39                                    text39       000000
__Ltext4                                     text4        000000
__Ltext40                                    text40       000000
__Ltext41                                    text41       000000
__Ltext42                                    text42       000000
__Ltext44                                    text44       000000
__Ltext45                                    text45       000000
__Ltext46                                    text46       000000
__Ltext47                                    text47       000000
__Ltext48                                    text48       000000
__Ltext49                                    text49       000000
__Ltext5                                     text5        000000
__Ltext50                                    text50       000000
__Ltext51                                    text51       000000
__Ltext52                                    text52       000000
__Ltext53                                    text53       000000
__Ltext6                                     text6        000000
__Ltext7                                     text7        000000
__Ltext8                                     text8        000000
__Ltext9                                     text9        000000
__S0                                         (abs)        00347C
__S1                                         (abs)        000120
__S4                                         (abs)        000000
__S5                                         (abs)        000000
___awdiv                                     text19       002676
___awdiv@counter                             cstackCOMRAM 000006
___awdiv@dividend                            cstackCOMRAM 000002
___awdiv@divisor                             cstackCOMRAM 000004
___awdiv@quotient                            cstackCOMRAM 000008
___awdiv@sign                                cstackCOMRAM 000007
___awmod                                     text18       002974
___awmod@counter                             cstackCOMRAM 000006
___awmod@dividend                            cstackCOMRAM 000002
___awmod@divisor                             cstackCOMRAM 000004
___awmod@sign                                cstackCOMRAM 000007
___flmul                                     text37       00103E
___flmul@a                                   cstackCOMRAM 000014
___flmul@aexp                                cstackCOMRAM 000021
___flmul@b                                   cstackCOMRAM 000010
___flmul@bexp                                cstackCOMRAM 000022
___flmul@grs                                 cstackCOMRAM 00001D
___flmul@prod                                cstackCOMRAM 000023
___flmul@sign                                cstackCOMRAM 00001C
___flmul@temp                                cstackCOMRAM 000027
___fltol                                     text36       0023CE
___fltol@exp1                                cstackCOMRAM 000032
___fltol@f1                                  cstackCOMRAM 000029
___fltol@sign1                               cstackCOMRAM 000031
___heap_hi                                   (abs)        000000
___heap_lo                                   (abs)        000000
___inthi_sp                                  stack        000000
___intlo_sp                                  stack        000000
___lwdiv                                     text35       002D62
___lwdiv@counter                             cstackCOMRAM 000008
___lwdiv@dividend                            cstackCOMRAM 000002
___lwdiv@divisor                             cstackCOMRAM 000004
___lwdiv@quotient                            cstackCOMRAM 000006
___param_bank                                (abs)        000000
___rparam_used                               (abs)        000001
___sp                                        stack        000000
___xxtofl                                    text34       001A48
___xxtofl@arg                                cstackCOMRAM 00000C
___xxtofl@exp                                cstackCOMRAM 00000B
___xxtofl@sign                               cstackCOMRAM 00000A
___xxtofl@val                                cstackCOMRAM 000002
__accesstop                                  (abs)        000080
__activetblptr                               (abs)        000003
__end_of_ADC_GetConversionResult             text42       0027FE
__end_of_ADC_GetConversion_Blocking          text38       002E4A
__end_of_ADC_ISR                             text53       003478
__end_of_ADC_Init                            text31       0028BE
__end_of_ADC_SelectChannel                   text40       00336C
__end_of_ADC_StartConversion                 text39       0033F4
__end_of_EUSART_RX_ISR                       text52       00347C
__end_of_EUSART_TX_ISR                       text51       003474
__end_of_INT0_ISR                            text50       003470
__end_of_INT1_ISR                            text49       00346C
__end_of_INT2_ISR                            text48       003468
__end_of_InterruptManager                    intcode_body 001A48
__end_of_RB4_ISR                             text47       00345C
__end_of_RB5_ISR                             text46       003442
__end_of_RB6_ISR                             text45       003428
__end_of_RB7_ISR                             text44       00340E
__end_of___awdiv                             text19       00273A
__end_of___awmod                             text18       002A24
__end_of___flmul                             text37       001468
__end_of___fltol                             text36       0024D4
__end_of___lwdiv                             text35       002DD6
__end_of___xxtofl                            text34       001BFC
__end_of__initialization                     cinit        002F92
__end_of_abs                                 text17       0032F4
__end_of_adc_input_channel_port_configure    text41       0025AC
__end_of_application_intialize               text21       003156
__end_of_configure_voltage_reference         text33       0031A0
__end_of_convert_uint16_to_string            text8        002974
__end_of_dc_motor_initialize                 text27       003332
__end_of_dc_motor_move_right                 text7        00322C
__end_of_dc_motor_stop                       text6        0031E6
__end_of_dtoa                                text12       001D90
__end_of_fputc                               text15       002676
__end_of_fputs                               text14       003270
__end_of_gpio_pin_direction_intialize        text30       00204A
__end_of_gpio_pin_intialize                  text28       003008
__end_of_gpio_pin_write_logic                text29       0023CE
__end_of_lcd_4bit_intialize                  text23       0022A2
__end_of_lcd_4bit_send_char_data             text5        002EBC
__end_of_lcd_4bit_send_command               text24       002F2E
__end_of_lcd_4bit_send_enable_signal         text26       0033A0
__end_of_lcd_4bit_send_string_pos            text3        002B6C
__end_of_lcd_4bit_set_cursor                 text4        002ACC
__end_of_lcd_send_4bits                      text25       003070
__end_of_led_initialize                      text22       002CE8
__end_of_led_turn_off                        text2        002C6C
__end_of_led_turn_on                         text1        002BEC
__end_of_main                                text0        001762
__end_of_matrix                              smallconst   001011
__end_of_memset                              text20       001F06
__end_of_pad                                 text13       002D62
__end_of_putch                               text16       00347A
__end_of_select_result_format                text32       0032B4
__end_of_sprintf                             text9        00310C
__end_of_vfpfcnvrt                           text11       002176
__end_of_vfprintf                            text10       0030C0
__initialization                             cinit        002F2E
__mediumconst                                mediumconst  000000
__pbssBANK0                                  bssBANK0     000080
__pbssBANK1                                  bssBANK1     000100
__pbssCOMRAM                                 bssCOMRAM    000064
__pcinit                                     cinit        002F2E
__pcstackCOMRAM                              cstackCOMRAM 000001
__pdataBANK0                                 dataBANK0    0000CD
__pdataCOMRAM                                dataCOMRAM   000077
__pidataBANK0                                idataBANK0   0033A0
__pidataCOMRAM                               idataCOMRAM  00345C
__pintcode                                   intcode      000008
__pintcode_body                              intcode_body 001762
__psmallconst                                smallconst   001000
__ptext0                                     text0        001468
__ptext1                                     text1        002B6C
__ptext10                                    text10       003070
__ptext11                                    text11       00204A
__ptext12                                    text12       001BFC
__ptext13                                    text13       002CE8
__ptext14                                    text14       00322C
__ptext15                                    text15       0025AC
__ptext16                                    text16       003478
__ptext17                                    text17       0032B4
__ptext18                                    text18       002974
__ptext19                                    text19       002676
__ptext2                                     text2        002BEC
__ptext20                                    text20       001D90
__ptext21                                    text21       00310C
__ptext22                                    text22       002C6C
__ptext23                                    text23       002176
__ptext24                                    text24       002EBC
__ptext25                                    text25       003008
__ptext26                                    text26       00336C
__ptext27                                    text27       0032F4
__ptext28                                    text28       002F9C
__ptext29                                    text29       0022A2
__ptext3                                     text3        002ACC
__ptext30                                    text30       001F06
__ptext31                                    text31       0027FE
__ptext32                                    text32       003270
__ptext33                                    text33       003156
__ptext34                                    text34       001A48
__ptext35                                    text35       002D62
__ptext36                                    text36       0023CE
__ptext37                                    text37       00103E
__ptext38                                    text38       002DD6
__ptext39                                    text39       0033D0
__ptext4                                     text4        002A24
__ptext40                                    text40       003332
__ptext41                                    text41       0024D4
__ptext42                                    text42       00273A
__ptext44                                    text44       0033F4
__ptext45                                    text45       00340E
__ptext46                                    text46       003428
__ptext47                                    text47       003442
__ptext48                                    text48       003464
__ptext49                                    text49       003468
__ptext5                                     text5        002E4A
__ptext50                                    text50       00346C
__ptext51                                    text51       003470
__ptext52                                    text52       00347A
__ptext53                                    text53       003474
__ptext6                                     text6        0031A0
__ptext7                                     text7        0031E6
__ptext8                                     text8        0028BE
__ptext9                                     text9        0030C0
__ramtop                                     ramtop       001000
__smallconst                                 smallconst   001000
_abs                                         text17       0032B4
_adc_1                                       dataBANK0    0000EB
_adc_input_channel_port_configure            text41       0024D4
_application_intialize                       text21       00310C
_configure_voltage_reference                 text33       003156
_convert_uint16_to_string                    text8        0028BE
_dbuf                                        bssBANK1     000100
_dc_motor_1                                  dataBANK0    0000FA
_dc_motor_2                                  dataBANK0    0000F8
_dc_motor_initialize                         text27       0032F4
_dc_motor_move_right                         text7        0031E6
_dc_motor_stop                               text6        0031A0
_dtoa                                        text12       001BFC
_dtoa$4553                                   cstackCOMRAM 000021
_flags                                       bssCOMRAM    00006A
_fputc                                       text15       0025AC
_fputs                                       text14       00322C
_gpio_pin_direction_intialize                text30       001F06
_gpio_pin_intialize                          text28       002F9C
_gpio_pin_write_logic                        text29       0022A2
_lat_registers                               dataBANK0    0000D7
_lcd_1                                       dataBANK0    0000F2
_lcd_4bit_intialize                          text23       002176
_lcd_4bit_send_char_data                     text5        002E4A
_lcd_4bit_send_command                       text24       002EBC
_lcd_4bit_send_enable_signal                 text26       00336C
_lcd_4bit_send_string_pos                    text3        002ACC
_lcd_4bit_set_cursor                         text4        002A24
_lcd_send_4bits                              text25       003008
_led1                                        dataCOMRAM   00007D
_led2                                        dataCOMRAM   00007C
_led_initialize                              text22       002C6C
_led_turn_off                                text2        002BEC
_led_turn_on                                 text1        002B6C
_lm35_res_1                                  bssCOMRAM    000075
_lm35_res_1_Celsius_mv                       bssCOMRAM    000068
_lm35_res_1_txt                              bssBANK0     0000C6
_lm35_res_2                                  bssCOMRAM    000073
_lm35_res_2_Celsius_mv                       bssCOMRAM    000066
_lm35_res_2_txt                              bssBANK0     0000BF
_lm35_res_3                                  bssBANK0     000091
_lm35_res_3_Celsius_mv                       bssBANK0     00008F
_lm35_res_3_txt                              bssBANK0     000080
_main                                        text0        001468
_matrix                                      smallconst   001001
_memset                                      text20       001D90
_pad                                         text13       002CE8
_port_registers                              dataBANK0    0000CD
_prec                                        bssCOMRAM    000064
_putch                                       text16       003478
_ret                                         dataCOMRAM   000077
_select_result_format                        text32       003270
_sprintf                                     text9        0030C0
_timer0_preload_value                        bssBANK0     0000A1
_timer1_preload_value                        bssBANK0     00009D
_tris_registers                              dataBANK0    0000E1
_vfpfcnvrt                                   text11       00204A
_vfprintf                                    text10       003070
_width                                       bssBANK0     00008D
abs@a                                        cstackCOMRAM 000008
adc_input_channel_port_configure@channel     cstackCOMRAM 000004
btemp                                        temp         00007E
configure_voltage_reference@_adc             cstackCOMRAM 000002
convert_uint16_to_string@DataCounter         cstackCOMRAM 000061
convert_uint16_to_string@Temp_String         cstackCOMRAM 00005A
convert_uint16_to_string@ret                 cstackCOMRAM 000060
convert_uint16_to_string@str                 cstackCOMRAM 000058
convert_uint16_to_string@value               cstackCOMRAM 000056
dc_motor_initialize@_dc_motor                cstackCOMRAM 000010
dc_motor_initialize@ret                      cstackCOMRAM 000012
dc_motor_move_right@_dc_motor                cstackCOMRAM 00000C
dc_motor_move_right@ret                      cstackCOMRAM 00000E
dc_motor_stop@_dc_motor                      cstackCOMRAM 00000C
dc_motor_stop@ret                            cstackCOMRAM 00000E
dtoa@d                                       cstackCOMRAM 00001F
dtoa@fp                                      cstackCOMRAM 00001D
dtoa@i                                       cstackCOMRAM 000027
dtoa@p                                       cstackCOMRAM 000023
dtoa@s                                       cstackCOMRAM 000029
dtoa@w                                       cstackCOMRAM 000025
end_of_initialization                        cinit        002F92
fputc@c                                      cstackCOMRAM 000002
fputc@fp                                     cstackCOMRAM 000004
fputs@c                                      cstackCOMRAM 00000F
fputs@fp                                     cstackCOMRAM 00000D
fputs@i                                      cstackCOMRAM 000010
fputs@s                                      cstackCOMRAM 00000B
gpio_pin_direction_intialize@_pin_config     cstackCOMRAM 000002
gpio_pin_direction_intialize@ret             cstackCOMRAM 00000A
gpio_pin_intialize@_pin_config               cstackCOMRAM 00000C
gpio_pin_intialize@ret                       cstackCOMRAM 00000F
gpio_pin_write_logic@_pin_config             cstackCOMRAM 000002
gpio_pin_write_logic@logic                   cstackCOMRAM 000004
gpio_pin_write_logic@ret                     cstackCOMRAM 00000B
int$flags                                    temp         00007E
int_func                                     intcode_body 001762
intlevel0                                    text         000000
intlevel1                                    text         000000
intlevel2                                    text         000000
intlevel3                                    text         000000
isa$std                                      (abs)        000001
isa$xinst                                    (abs)        000000
lcd_4bit_intialize@l_data_pins_counter       cstackCOMRAM 000018
lcd_4bit_intialize@lcd                       cstackCOMRAM 000014
lcd_4bit_intialize@ret                       cstackCOMRAM 000019
lcd_4bit_send_char_data@data                 cstackCOMRAM 000012
lcd_4bit_send_char_data@lcd                  cstackCOMRAM 000010
lcd_4bit_send_char_data@ret                  cstackCOMRAM 000013
lcd_4bit_send_command@command                cstackCOMRAM 000012
lcd_4bit_send_command@lcd                    cstackCOMRAM 000010
lcd_4bit_send_command@ret                    cstackCOMRAM 000013
lcd_4bit_send_enable_signal@lcd              cstackCOMRAM 00000C
lcd_4bit_send_enable_signal@ret              cstackCOMRAM 00000E
lcd_4bit_send_string_pos@column              cstackCOMRAM 00001E
lcd_4bit_send_string_pos@lcd                 cstackCOMRAM 00001B
lcd_4bit_send_string_pos@ret                 cstackCOMRAM 000021
lcd_4bit_send_string_pos@row                 cstackCOMRAM 00001D
lcd_4bit_send_string_pos@str                 cstackCOMRAM 00001F
lcd_4bit_set_cursor@coulmn                   cstackCOMRAM 000017
lcd_4bit_set_cursor@lcd                      cstackCOMRAM 000014
lcd_4bit_set_cursor@ret                      cstackCOMRAM 00001A
lcd_4bit_set_cursor@row                      cstackCOMRAM 000016
lcd_send_4bits@_data_command                 cstackCOMRAM 00000E
lcd_send_4bits@lcd                           cstackCOMRAM 00000C
lcd_send_4bits@ret                           cstackCOMRAM 00000F
led_initialize@F3048                         bssCOMRAM    000072
led_initialize@led                           cstackCOMRAM 000010
led_initialize@pin_obj                       cstackCOMRAM 000014
led_initialize@ret                           cstackCOMRAM 000013
led_turn_off@F3058                           bssCOMRAM    000070
led_turn_off@led                             cstackCOMRAM 00000C
led_turn_off@pin_obj                         cstackCOMRAM 000010
led_turn_off@ret                             cstackCOMRAM 00000F
led_turn_on@F3053                            bssCOMRAM    000071
led_turn_on@led                              cstackCOMRAM 00000C
led_turn_on@pin_obj                          cstackCOMRAM 000010
led_turn_on@ret                              cstackCOMRAM 00000F
led_turn_toggle@F3063                        bssCOMRAM    00006F
memset@c                                     cstackCOMRAM 000004
memset@dest                                  cstackCOMRAM 000002
memset@k                                     cstackCOMRAM 00000A
memset@n                                     cstackCOMRAM 000006
memset@s                                     cstackCOMRAM 00000C
pad@buf                                      cstackCOMRAM 000014
pad@fp                                       cstackCOMRAM 000012
pad@i                                        cstackCOMRAM 000019
pad@p                                        cstackCOMRAM 000016
pad@w                                        cstackCOMRAM 00001B
relay_initialize@F3042                       bssCOMRAM    00006E
relay_turn_off@F3052                         bssCOMRAM    00006C
relay_turn_on@F3047                          bssCOMRAM    00006D
select_result_format@_adc                    cstackCOMRAM 000002
sprintf@ap                                   cstackCOMRAM 000048
sprintf@f                                    cstackCOMRAM 00004A
sprintf@fmt                                  cstackCOMRAM 000042
sprintf@s                                    cstackCOMRAM 000040
stackhi                                      (abs)        000000
stacklo                                      (abs)        000000
start                                        init         00000E
start_initialization                         cinit        002F2E
ttemp5                                       temp         00007F
ttemp6                                       temp         000082
ttemp7                                       temp         000086
vfpfcnvrt@ap                                 cstackCOMRAM 00002E
vfpfcnvrt@convarg                            cstackCOMRAM 000032
vfpfcnvrt@cp                                 cstackCOMRAM 000036
vfpfcnvrt@fmt                                cstackCOMRAM 00002C
vfpfcnvrt@fp                                 cstackCOMRAM 00002A
vfprintf@ap                                  cstackCOMRAM 00003C
vfprintf@cfmt                                cstackCOMRAM 00003E
vfprintf@fmt                                 cstackCOMRAM 00003A
vfprintf@fp                                  cstackCOMRAM 000038
wtemp8                                       temp         00007F


MODULE INFORMATION

Module		Function		Class		Link	Load	Size
C:\Program Files\Microchip\xc8\v2.41\pic\sources\c99\common\awmod.c
		___awmod       		CODE           	2974	0000	176

C:\Program Files\Microchip\xc8\v2.41\pic\sources\c99\common\awmod.c estimated size: 176

MCAL_Layer/interrupt/mcal_external_interrupt.c
		_RB4_ISR       		CODE           	3442	0000	26
		_RB5_ISR       		CODE           	3428	0000	26
		_RB6_ISR       		CODE           	340E	0000	26
		_RB7_ISR       		CODE           	33F4	0000	26
		_INT0_ISR      		CODE           	346C	0000	4
		_INT1_ISR      		CODE           	3468	0000	4
		_INT2_ISR      		CODE           	3464	0000	4

MCAL_Layer/interrupt/mcal_external_interrupt.c estimated size: 116

C:\Program Files\Microchip\xc8\v2.41\pic\sources\c99\common\fltol.c
		___fltol       		CODE           	23CE	0000	262

C:\Program Files\Microchip\xc8\v2.41\pic\sources\c99\common\fltol.c estimated size: 262

C:\Program Files\Microchip\xc8\v2.41\pic\sources\c99\common\xxtofl.c
		___xxtofl      		CODE           	1A48	0000	436

C:\Program Files\Microchip\xc8\v2.41\pic\sources\c99\common\xxtofl.c estimated size: 436

C:\Program Files\Microchip\xc8\v2.41\pic\sources\c99\common\nf_fputc.c
		_fputc         		CODE           	25AC	0000	202

C:\Program Files\Microchip\xc8\v2.41\pic\sources\c99\common\nf_fputc.c estimated size: 202

C:\Program Files\Microchip\xc8\v2.41\pic\sources\c99\common\memset.c
		_memset        		CODE           	1D90	0000	374

C:\Program Files\Microchip\xc8\v2.41\pic\sources\c99\common\memset.c estimated size: 374

C:\Program Files\Microchip\xc8\v2.41\pic\sources\c99\common\nf_sprintf.c
		_sprintf       		CODE           	30C0	0000	76

C:\Program Files\Microchip\xc8\v2.41\pic\sources\c99\common\nf_sprintf.c estimated size: 76

C:\Program Files\Microchip\xc8\v2.41\pic\sources\c99\common\lwdiv.c
		___lwdiv       		CODE           	2D62	0000	116

C:\Program Files\Microchip\xc8\v2.41\pic\sources\c99\common\lwdiv.c estimated size: 116

C:\Program Files\Microchip\xc8\v2.41\pic\sources\c99\common\awdiv.c
		___awdiv       		CODE           	2676	0000	196

C:\Program Files\Microchip\xc8\v2.41\pic\sources\c99\common\awdiv.c estimated size: 196

ECU_Layer/Chr_LCD/ecu_chr_lcd.c
		_lcd_4bit_send_command		CODE           	2EBC	0000	114
		_lcd_4bit_send_string_pos		CODE           	2ACC	0000	160
		_lcd_4bit_send_char_data		CODE           	2E4A	0000	114
		_lcd_send_4bits		CODE           	3008	0000	104
		_lcd_4bit_intialize		CODE           	2176	0000	300
		_convert_uint16_to_string		CODE           	28BE	0000	182
		_lcd_4bit_set_cursor		CODE           	2A24	0000	168
		_lcd_4bit_send_enable_signal		CODE           	336C	0000	52

ECU_Layer/Chr_LCD/ecu_chr_lcd.c estimated size: 1194

ECU_Layer/DC_MOTOR/ecu_dc_motor.c
		_dc_motor_stop 		CODE           	31A0	0000	70
		_dc_motor_initialize		CODE           	32F4	0000	62
		_dc_motor_move_right		CODE           	31E6	0000	70

ECU_Layer/DC_MOTOR/ecu_dc_motor.c estimated size: 202

C:\Program Files\Microchip\xc8\v2.41\pic\sources\c99\common\abs.c
		_abs           		CODE           	32B4	0000	64

C:\Program Files\Microchip\xc8\v2.41\pic\sources\c99\common\abs.c estimated size: 64

C:\Program Files\Microchip\xc8\v2.41\pic\sources\c99\common\doprnt.c
		_vfpfcnvrt     		CODE           	204A	0000	300
		_pad           		CODE           	2CE8	0000	122
		_dtoa          		CODE           	1BFC	0000	404
		_vfprintf      		CODE           	3070	0000	80

C:\Program Files\Microchip\xc8\v2.41\pic\sources\c99\common\doprnt.c estimated size: 906

MCAL_Layer/usart/hal_usart.c
		_EUSART_RX_ISR 		CODE           	347A	0000	2
		_EUSART_TX_ISR 		CODE           	3470	0000	4

MCAL_Layer/usart/hal_usart.c estimated size: 6

shared
		_matrix        		SMALLCONST     	1001	0000	16
		__initialization		CODE           	2F2E	0000	100

shared estimated size: 116

MCAL_Layer/ADC/hal_adc.c
		_adc_input_channel_port_configure		CODE           	24D4	0000	216
		_ADC_GetConversion_Blocking		CODE           	2DD6	0000	116
		_ADC_GetConversionResult		CODE           	273A	0000	196
		_configure_voltage_reference		CODE           	3156	0000	74
		_ADC_StartConversion		CODE           	33D0	0000	36
		_ADC_ISR       		CODE           	3474	0000	4
		_ADC_SelectChannel		CODE           	3332	0000	58
		_ADC_Init      		CODE           	27FE	0000	192
		_select_result_format		CODE           	3270	0000	68

MCAL_Layer/ADC/hal_adc.c estimated size: 960

MCAL_Layer/GPIO/hal_gpio.c
		_gpio_pin_write_logic		CODE           	22A2	0000	300
		_gpio_pin_intialize		CODE           	2F9C	0000	108
		_gpio_pin_direction_intialize		CODE           	1F06	0000	324

MCAL_Layer/GPIO/hal_gpio.c estimated size: 732

ECU_Layer/LED/ecu_led.c
		_led_initialize		CODE           	2C6C	0000	124
		_led_turn_on   		CODE           	2B6C	0000	128
		_led_turn_off  		CODE           	2BEC	0000	128

ECU_Layer/LED/ecu_led.c estimated size: 380

C:\Program Files\Microchip\xc8\v2.41\pic\sources\c99\common\putch.c
		_putch         		CODE           	3478	0000	2

C:\Program Files\Microchip\xc8\v2.41\pic\sources\c99\common\putch.c estimated size: 2

C:\Program Files\Microchip\xc8\v2.41\pic\sources\c99\common\nf_fputs.c
		_fputs         		CODE           	322C	0000	68

C:\Program Files\Microchip\xc8\v2.41\pic\sources\c99\common\nf_fputs.c estimated size: 68

application.c
		_main          		CODE           	1468	0000	762
		_application_intialize		CODE           	310C	0000	74

application.c estimated size: 836

C:\Program Files\Microchip\xc8\v2.41\pic\sources\c99\common\sprcmul.c
		___flmul       		CODE           	103E	0000	1066

C:\Program Files\Microchip\xc8\v2.41\pic\sources\c99\common\sprcmul.c estimated size: 1066

MCAL_Layer/interrupt/mcal_interrupt_manager.c
		_InterruptManager		CODE           	0008	0000	748

MCAL_Layer/interrupt/mcal_interrupt_manager.c estimated size: 748

